Component: ARM Compiler 6.14 Tool: armlink [5db06800]

==============================================================================

Section Cross References

    main.o(.text.main) refers to main.o(.text.set_up_hardware) for set_up_hardware
    main.o(.text.main) refers to kernel.o(.text.rtos_kernel_init) for rtos_kernel_init
    main.o(.text.main) refers to main.o(.text.task0) for task0
    main.o(.text.main) refers to main.o(.text.task1) for task1
    main.o(.text.main) refers to main.o(.text.task2) for task2
    main.o(.text.main) refers to kernel.o(.text.rtos_kernel_stack_add_threads) for rtos_kernel_stack_add_threads
    main.o(.text.main) refers to kernel.o(.text.rtos_kernel_launch) for rtos_kernel_launch
    main.o(.ARM.exidx.text.main) refers to main.o(.text.main) for [Anonymous Symbol]
    main.o(.text.set_up_hardware) refers to stm32f1xx_usart.o(.text.usart1_init) for usart1_init
    main.o(.text.set_up_hardware) refers to led.o(.text.led_init) for led_init
    main.o(.ARM.exidx.text.set_up_hardware) refers to main.o(.text.set_up_hardware) for [Anonymous Symbol]
    main.o(.text.task0) refers to main.o(.bss.task0_runner) for task0_runner
    main.o(.text.task0) refers to kernel.o(.text.rtos_kernel_release) for rtos_kernel_release
    main.o(.ARM.exidx.text.task0) refers to main.o(.text.task0) for [Anonymous Symbol]
    main.o(.text.task1) refers to main.o(.bss.task1_runner) for task1_runner
    main.o(.ARM.exidx.text.task1) refers to main.o(.text.task1) for [Anonymous Symbol]
    main.o(.text.task2) refers to main.o(.bss.task2_runner) for task2_runner
    main.o(.ARM.exidx.text.task2) refers to main.o(.text.task2) for [Anonymous Symbol]
    main.o(.text.light_on) refers to puts.o(.text) for puts
    main.o(.ARM.exidx.text.light_on) refers to main.o(.text.light_on) for [Anonymous Symbol]
    main.o(.text.light_off) refers to puts.o(.text) for puts
    main.o(.ARM.exidx.text.light_off) refers to main.o(.text.light_off) for [Anonymous Symbol]
    stm32f1xx_dwt.o(.ARM.exidx.text.dwt_init) refers to stm32f1xx_dwt.o(.text.dwt_init) for [Anonymous Symbol]
    stm32f1xx_dwt.o(.ARM.exidx.text.delay_us) refers to stm32f1xx_dwt.o(.text.delay_us) for [Anonymous Symbol]
    stm32f1xx_gpio.o(.ARM.exidx.text.gpio_init) refers to stm32f1xx_gpio.o(.text.gpio_init) for [Anonymous Symbol]
    stm32f1xx_gpio.o(.ARM.exidx.text.gpio_write_pin) refers to stm32f1xx_gpio.o(.text.gpio_write_pin) for [Anonymous Symbol]
    stm32f1xx_gpio.o(.ARM.exidx.text.gpio_read_pin) refers to stm32f1xx_gpio.o(.text.gpio_read_pin) for [Anonymous Symbol]
    stm32f1xx_rcc.o(.ARM.exidx.text.system_init_clock) refers to stm32f1xx_rcc.o(.text.system_init_clock) for [Anonymous Symbol]
    stm32f1xx_rcc.o(.ARM.exidx.text.clock_enable_APB2) refers to stm32f1xx_rcc.o(.text.clock_enable_APB2) for [Anonymous Symbol]
    stm32f1xx_rcc.o(.ARM.exidx.text.clock_enable_APB1) refers to stm32f1xx_rcc.o(.text.clock_enable_APB1) for [Anonymous Symbol]
    stm32f1xx_rcc.o(.init_array) refers to stm32f1xx_rcc.o(.text.system_init_clock) for system_init_clock
    stm32f1xx_systick.o(.ARM.exidx.text.systick_init) refers to stm32f1xx_systick.o(.text.systick_init) for [Anonymous Symbol]
    stm32f1xx_systick.o(.text.get_tick) refers to stm32f1xx_systick.o(.bss.g_current_tick) for g_current_tick
    stm32f1xx_systick.o(.text.get_tick) refers to stm32f1xx_systick.o(.bss.current_tick) for current_tick
    stm32f1xx_systick.o(.ARM.exidx.text.get_tick) refers to stm32f1xx_systick.o(.text.get_tick) for [Anonymous Symbol]
    stm32f1xx_systick.o(.text.delay_ms) refers to stm32f1xx_systick.o(.text.get_tick) for get_tick
    stm32f1xx_systick.o(.text.delay_ms) refers to stm32f1xx_systick.o(.data.tick_freq) for tick_freq
    stm32f1xx_systick.o(.ARM.exidx.text.delay_ms) refers to stm32f1xx_systick.o(.text.delay_ms) for [Anonymous Symbol]
    stm32f1xx_systick.o(.text.SysTick_Handler) refers to stm32f1xx_systick.o(.data.tick_freq) for tick_freq
    stm32f1xx_systick.o(.text.SysTick_Handler) refers to stm32f1xx_systick.o(.bss.g_current_tick) for g_current_tick
    stm32f1xx_systick.o(.ARM.exidx.text.SysTick_Handler) refers to stm32f1xx_systick.o(.text.SysTick_Handler) for [Anonymous Symbol]
    stm32f1xx_tim.o(.text.tim2_init) refers to stm32f1xx_rcc.o(.text.clock_enable_APB1) for clock_enable_APB1
    stm32f1xx_tim.o(.text.tim2_init) refers to stm32f1xx_rcc.o(.text.clock_enable_APB2) for clock_enable_APB2
    stm32f1xx_tim.o(.ARM.exidx.text.tim2_init) refers to stm32f1xx_tim.o(.text.tim2_init) for [Anonymous Symbol]
    stm32f1xx_tim.o(.ARM.exidx.text.tim2_delay_ms) refers to stm32f1xx_tim.o(.text.tim2_delay_ms) for [Anonymous Symbol]
    stm32f1xx_tim.o(.ARM.exidx.text.tim2_delay_us) refers to stm32f1xx_tim.o(.text.tim2_delay_us) for [Anonymous Symbol]
    stm32f1xx_usart.o(.text.usart1_init) refers to stm32f1xx_rcc.o(.text.clock_enable_APB2) for clock_enable_APB2
    stm32f1xx_usart.o(.text.usart1_init) refers to stm32f1xx_gpio.o(.text.gpio_init) for gpio_init
    stm32f1xx_usart.o(.ARM.exidx.text.usart1_init) refers to stm32f1xx_usart.o(.text.usart1_init) for [Anonymous Symbol]
    stm32f1xx_usart.o(.ARM.exidx.text.usart1_send_char) refers to stm32f1xx_usart.o(.text.usart1_send_char) for [Anonymous Symbol]
    stm32f1xx_usart.o(.text.usart1_send_string) refers to stm32f1xx_usart.o(.text.usart1_send_char) for usart1_send_char
    stm32f1xx_usart.o(.ARM.exidx.text.usart1_send_string) refers to stm32f1xx_usart.o(.text.usart1_send_string) for [Anonymous Symbol]
    stm32f1xx_usart.o(.ARM.exidx.text.usart1_receive_byte) refers to stm32f1xx_usart.o(.text.usart1_receive_byte) for [Anonymous Symbol]
    stm32f1xx_usart.o(.text.fputc) refers to stm32f1xx_usart.o(.text.usart1_send_char) for usart1_send_char
    stm32f1xx_usart.o(.ARM.exidx.text.fputc) refers to stm32f1xx_usart.o(.text.fputc) for [Anonymous Symbol]
    stm32f1xx_interrupt.o(.ARM.exidx.text.NVIC_EnableIRQ) refers to stm32f1xx_interrupt.o(.text.NVIC_EnableIRQ) for [Anonymous Symbol]
    stm32f1xx_interrupt.o(.ARM.exidx.text.NVIC_SetPriority) refers to stm32f1xx_interrupt.o(.text.NVIC_SetPriority) for [Anonymous Symbol]
    led.o(.text.led_init) refers to stm32f1xx_rcc.o(.text.clock_enable_APB2) for clock_enable_APB2
    led.o(.text.led_init) refers to stm32f1xx_gpio.o(.text.gpio_init) for gpio_init
    led.o(.ARM.exidx.text.led_init) refers to led.o(.text.led_init) for [Anonymous Symbol]
    led.o(.text.led_on) refers to stm32f1xx_gpio.o(.text.gpio_write_pin) for gpio_write_pin
    led.o(.ARM.exidx.text.led_on) refers to led.o(.text.led_on) for [Anonymous Symbol]
    led.o(.text.led_off) refers to stm32f1xx_gpio.o(.text.gpio_write_pin) for gpio_write_pin
    led.o(.ARM.exidx.text.led_off) refers to led.o(.text.led_off) for [Anonymous Symbol]
    kernel.o(.ARM.exidx.text.rtos_kernel_release) refers to kernel.o(.text.rtos_kernel_release) for [Anonymous Symbol]
    kernel.o(.text.rtos_kernel_stack_init) refers to kernel.o(.bss.TCB_Stack) for TCB_Stack
    kernel.o(.text.rtos_kernel_stack_init) refers to kernel.o(.bss.TCBs) for TCBs
    kernel.o(.text.rtos_kernel_stack_init) refers to aeabi_memset4.o(.text) for __aeabi_memset4
    kernel.o(.ARM.exidx.text.rtos_kernel_stack_init) refers to kernel.o(.text.rtos_kernel_stack_init) for [Anonymous Symbol]
    kernel.o(.text.rtos_kernel_stack_add_threads) refers to kernel.o(.bss.TCBs) for TCBs
    kernel.o(.text.rtos_kernel_stack_add_threads) refers to kernel.o(.text.rtos_kernel_stack_init) for rtos_kernel_stack_init
    kernel.o(.text.rtos_kernel_stack_add_threads) refers to kernel.o(.bss.TCB_Stack) for TCB_Stack
    kernel.o(.text.rtos_kernel_stack_add_threads) refers to kernel.o(.bss.currentPointer) for currentPointer
    kernel.o(.ARM.exidx.text.rtos_kernel_stack_add_threads) refers to kernel.o(.text.rtos_kernel_stack_add_threads) for [Anonymous Symbol]
    kernel.o(.text.rtos_kernel_scheduler_launch) refers to kernel.o(.bss.currentPointer) for currentPointer
    kernel.o(.ARM.exidx.text.rtos_kernel_scheduler_launch) refers to kernel.o(.text.rtos_kernel_scheduler_launch) for [Anonymous Symbol]
    kernel.o(.text.rtos_kernel_init) refers to kernel.o(.bss.millis_prescaler) for millis_prescaler
    kernel.o(.ARM.exidx.text.rtos_kernel_init) refers to kernel.o(.text.rtos_kernel_init) for [Anonymous Symbol]
    kernel.o(.text.rtos_kernel_launch) refers to kernel.o(.bss.millis_prescaler) for millis_prescaler
    kernel.o(.text.rtos_kernel_launch) refers to stm32f1xx_interrupt.o(.text.NVIC_SetPriority) for NVIC_SetPriority
    kernel.o(.text.rtos_kernel_launch) refers to kernel.o(.text.rtos_kernel_scheduler_launch) for rtos_kernel_scheduler_launch
    kernel.o(.ARM.exidx.text.rtos_kernel_launch) refers to kernel.o(.text.rtos_kernel_launch) for [Anonymous Symbol]
    kernel.o(.text.SysTick_Handler) refers to kernel.o(.bss.currentPointer) for currentPointer
    kernel.o(.ARM.exidx.text.SysTick_Handler) refers to kernel.o(.text.SysTick_Handler) for [Anonymous Symbol]
    kernel.o(.text.osKernelInit) refers to kernel.o(.text.rtos_kernel_init) for rtos_kernel_init
    kernel.o(.ARM.exidx.text.osKernelInit) refers to kernel.o(.text.osKernelInit) for [Anonymous Symbol]
    kernel.o(.text.osKernelAddThreads) refers to kernel.o(.text.rtos_kernel_stack_add_threads) for rtos_kernel_stack_add_threads
    kernel.o(.ARM.exidx.text.osKernelAddThreads) refers to kernel.o(.text.osKernelAddThreads) for [Anonymous Symbol]
    kernel.o(.text.osKernelLaunch) refers to kernel.o(.text.rtos_kernel_launch) for rtos_kernel_launch
    kernel.o(.ARM.exidx.text.osKernelLaunch) refers to kernel.o(.text.osKernelLaunch) for [Anonymous Symbol]
    startup_stm32f10x_md.o(STACK) refers (Special) to heapauxi.o(.text) for __use_two_region_memory
    startup_stm32f10x_md.o(HEAP) refers (Special) to heapauxi.o(.text) for __use_two_region_memory
    startup_stm32f10x_md.o(RESET) refers (Special) to heapauxi.o(.text) for __use_two_region_memory
    startup_stm32f10x_md.o(RESET) refers to startup_stm32f10x_md.o(STACK) for __initial_sp
    startup_stm32f10x_md.o(RESET) refers to startup_stm32f10x_md.o(.text) for Reset_Handler
    startup_stm32f10x_md.o(RESET) refers to kernel.o(.text.SysTick_Handler) for SysTick_Handler
    startup_stm32f10x_md.o(.text) refers (Special) to heapauxi.o(.text) for __use_two_region_memory
    startup_stm32f10x_md.o(.text) refers to __main.o(!!!main) for __main
    startup_stm32f10x_md.o(.text) refers to startup_stm32f10x_md.o(HEAP) for Heap_Mem
    startup_stm32f10x_md.o(.text) refers to startup_stm32f10x_md.o(STACK) for Stack_Mem
    system_stm32f10x.o(.text.SystemInit) refers to system_stm32f10x.o(.text.SetSysClock) for SetSysClock
    system_stm32f10x.o(.ARM.exidx.text.SystemInit) refers to system_stm32f10x.o(.text.SystemInit) for [Anonymous Symbol]
    system_stm32f10x.o(.text.SetSysClock) refers to system_stm32f10x.o(.text.SetSysClockTo72) for SetSysClockTo72
    system_stm32f10x.o(.ARM.exidx.text.SetSysClock) refers to system_stm32f10x.o(.text.SetSysClock) for [Anonymous Symbol]
    system_stm32f10x.o(.text.SystemCoreClockUpdate) refers to system_stm32f10x.o(.data.SystemCoreClock) for SystemCoreClock
    system_stm32f10x.o(.text.SystemCoreClockUpdate) refers to system_stm32f10x.o(.rodata.AHBPrescTable) for AHBPrescTable
    system_stm32f10x.o(.ARM.exidx.text.SystemCoreClockUpdate) refers to system_stm32f10x.o(.text.SystemCoreClockUpdate) for [Anonymous Symbol]
    system_stm32f10x.o(.ARM.exidx.text.SetSysClockTo72) refers to system_stm32f10x.o(.text.SetSysClockTo72) for [Anonymous Symbol]
    puts.o(.text) refers to stm32f1xx_usart.o(.text.fputc) for fputc
    puts.o(.text) refers to stm32f1xx_usart.o(.bss.__stdout) for __stdout
    aeabi_memset4.o(.text) refers to rt_memclr_w.o(.text) for _memset_w
    __main.o(!!!main) refers to __rtentry.o(.ARM.Collect$$rtentry$$00000000) for __rt_entry
    init_aeabi.o(.emb_text) refers (Special) to libinit2.o(.ARM.Collect$$libinit$$00000031) for __rt_lib_init_cpp_2
    init_aeabi.o(.init_array) refers (Special) to libinit2.o(.ARM.Collect$$libinit$$00000031) for __rt_lib_init_cpp_2
    init_aeabi.o(.dummy_text) refers (Special) to libinit2.o(.ARM.Collect$$libinit$$00000031) for __rt_lib_init_cpp_2
    init_aeabi.o(.text) refers (Special) to libinit2.o(.ARM.Collect$$libinit$$00000031) for __rt_lib_init_cpp_2
    init_aeabi.o(.ARM.exidx) refers (Special) to libinit2.o(.ARM.Collect$$libinit$$00000031) for __rt_lib_init_cpp_2
    init_aeabi.o(.ARM.exidx) refers to init_aeabi.o(.text) for .text
    __rtentry.o(.ARM.Collect$$rtentry$$00000000) refers (Special) to __rtentry2.o(.ARM.Collect$$rtentry$$0000000A) for __rt_entry_li
    __rtentry.o(.ARM.Collect$$rtentry$$00000000) refers (Special) to __rtentry2.o(.ARM.Collect$$rtentry$$0000000D) for __rt_entry_main
    __rtentry.o(.ARM.Collect$$rtentry$$00000000) refers (Special) to __rtentry2.o(.ARM.Collect$$rtentry$$0000000C) for __rt_entry_postli_1
    __rtentry.o(.ARM.Collect$$rtentry$$00000000) refers (Special) to __rtentry2.o(.ARM.Collect$$rtentry$$00000009) for __rt_entry_postsh_1
    __rtentry.o(.ARM.Collect$$rtentry$$00000000) refers (Special) to __rtentry2.o(.ARM.Collect$$rtentry$$00000002) for __rt_entry_presh_1
    __rtentry.o(.ARM.Collect$$rtentry$$00000000) refers (Special) to __rtentry4.o(.ARM.Collect$$rtentry$$00000004) for __rt_entry_sh
    libinit2.o(.ARM.Collect$$libinit$$00000010) refers to libinit2.o(.ARM.Collect$$libinit$$0000000F) for .ARM.Collect$$libinit$$0000000F
    libinit2.o(.ARM.Collect$$libinit$$00000012) refers to libinit2.o(.ARM.Collect$$libinit$$0000000F) for .ARM.Collect$$libinit$$0000000F
    libinit2.o(.ARM.Collect$$libinit$$00000014) refers to libinit2.o(.ARM.Collect$$libinit$$0000000F) for .ARM.Collect$$libinit$$0000000F
    libinit2.o(.ARM.Collect$$libinit$$00000016) refers to libinit2.o(.ARM.Collect$$libinit$$0000000F) for .ARM.Collect$$libinit$$0000000F
    libinit2.o(.ARM.Collect$$libinit$$00000018) refers to libinit2.o(.ARM.Collect$$libinit$$0000000F) for .ARM.Collect$$libinit$$0000000F
    libinit2.o(.ARM.Collect$$libinit$$00000026) refers to argv_veneer.o(.emb_text) for __ARM_argv_veneer
    libinit2.o(.ARM.Collect$$libinit$$00000027) refers to argv_veneer.o(.emb_text) for __ARM_argv_veneer
    libinit2.o(.ARM.Collect$$libinit$$00000031) refers (Weak) to init_aeabi.o(.text) for __cpp_initialize__aeabi_
    __rtentry2.o(.ARM.Collect$$rtentry$$00000008) refers to boardinit2.o(.text) for _platform_post_stackheap_init
    __rtentry2.o(.ARM.Collect$$rtentry$$0000000A) refers to libinit.o(.ARM.Collect$$libinit$$00000000) for __rt_lib_init
    __rtentry2.o(.ARM.Collect$$rtentry$$0000000B) refers to boardinit3.o(.text) for _platform_post_lib_init
    __rtentry2.o(.ARM.Collect$$rtentry$$0000000D) refers to main.o(.text.main) for main
    __rtentry2.o(.ARM.Collect$$rtentry$$0000000D) refers to exit.o(.text) for exit
    __rtentry2.o(.ARM.exidx) refers to __rtentry2.o(.ARM.Collect$$rtentry$$00000001) for .ARM.Collect$$rtentry$$00000001
    __rtentry2.o(.ARM.exidx) refers to __rtentry2.o(.ARM.Collect$$rtentry$$00000008) for .ARM.Collect$$rtentry$$00000008
    __rtentry2.o(.ARM.exidx) refers to __rtentry2.o(.ARM.Collect$$rtentry$$0000000A) for .ARM.Collect$$rtentry$$0000000A
    __rtentry2.o(.ARM.exidx) refers to __rtentry2.o(.ARM.Collect$$rtentry$$0000000B) for .ARM.Collect$$rtentry$$0000000B
    __rtentry2.o(.ARM.exidx) refers to __rtentry2.o(.ARM.Collect$$rtentry$$0000000D) for .ARM.Collect$$rtentry$$0000000D
    __rtentry4.o(.ARM.Collect$$rtentry$$00000004) refers to sys_stackheap_outer.o(.text) for __user_setup_stackheap
    __rtentry4.o(.ARM.exidx) refers to __rtentry4.o(.ARM.Collect$$rtentry$$00000004) for .ARM.Collect$$rtentry$$00000004
    argv_veneer.o(.emb_text) refers to no_argv.o(.text) for __ARM_get_argv
    sys_stackheap_outer.o(.text) refers to libspace.o(.text) for __user_perproc_libspace
    sys_stackheap_outer.o(.text) refers to startup_stm32f10x_md.o(.text) for __user_initial_stackheap
    exit.o(.text) refers to rtexit.o(.ARM.Collect$$rtexit$$00000000) for __rt_exit
    _get_argv_nomalloc.o(.text) refers (Special) to hrguard.o(.text) for __heap_region$guard
    _get_argv_nomalloc.o(.text) refers to defsig_rtmem_outer.o(.text) for __rt_SIGRTMEM
    _get_argv_nomalloc.o(.text) refers to sys_command.o(.text) for _sys_command_string
    libinit.o(.ARM.Collect$$libinit$$00000000) refers (Special) to libinit2.o(.ARM.Collect$$libinit$$0000002E) for __rt_lib_init_alloca_1
    libinit.o(.ARM.Collect$$libinit$$00000000) refers (Special) to libinit2.o(.ARM.Collect$$libinit$$0000002C) for __rt_lib_init_argv_1
    libinit.o(.ARM.Collect$$libinit$$00000000) refers (Special) to libinit2.o(.ARM.Collect$$libinit$$0000001B) for __rt_lib_init_atexit_1
    libinit.o(.ARM.Collect$$libinit$$00000000) refers (Special) to libinit2.o(.ARM.Collect$$libinit$$00000021) for __rt_lib_init_clock_1
    libinit.o(.ARM.Collect$$libinit$$00000000) refers (Special) to libinit2.o(.ARM.Collect$$libinit$$00000032) for __rt_lib_init_cpp_1
    libinit.o(.ARM.Collect$$libinit$$00000000) refers (Special) to libinit2.o(.ARM.Collect$$libinit$$00000030) for __rt_lib_init_exceptions_1
    libinit.o(.ARM.Collect$$libinit$$00000000) refers (Special) to libinit2.o(.ARM.Collect$$libinit$$00000002) for __rt_lib_init_fp_1
    libinit.o(.ARM.Collect$$libinit$$00000000) refers (Special) to libinit2.o(.ARM.Collect$$libinit$$0000001F) for __rt_lib_init_fp_trap_1
    libinit.o(.ARM.Collect$$libinit$$00000000) refers (Special) to libinit2.o(.ARM.Collect$$libinit$$00000023) for __rt_lib_init_getenv_1
    libinit.o(.ARM.Collect$$libinit$$00000000) refers (Special) to libinit2.o(.ARM.Collect$$libinit$$0000000A) for __rt_lib_init_heap_1
    libinit.o(.ARM.Collect$$libinit$$00000000) refers (Special) to libinit2.o(.ARM.Collect$$libinit$$00000011) for __rt_lib_init_lc_collate_1
    libinit.o(.ARM.Collect$$libinit$$00000000) refers (Special) to libinit2.o(.ARM.Collect$$libinit$$00000013) for __rt_lib_init_lc_ctype_1
    libinit.o(.ARM.Collect$$libinit$$00000000) refers (Special) to libinit2.o(.ARM.Collect$$libinit$$00000015) for __rt_lib_init_lc_monetary_1
    libinit.o(.ARM.Collect$$libinit$$00000000) refers (Special) to libinit2.o(.ARM.Collect$$libinit$$00000017) for __rt_lib_init_lc_numeric_1
    libinit.o(.ARM.Collect$$libinit$$00000000) refers (Special) to libinit2.o(.ARM.Collect$$libinit$$00000019) for __rt_lib_init_lc_time_1
    libinit.o(.ARM.Collect$$libinit$$00000000) refers (Special) to libinit2.o(.ARM.Collect$$libinit$$00000004) for __rt_lib_init_preinit_1
    libinit.o(.ARM.Collect$$libinit$$00000000) refers (Special) to libinit2.o(.ARM.Collect$$libinit$$0000000E) for __rt_lib_init_rand_1
    libinit.o(.ARM.Collect$$libinit$$00000000) refers (Special) to libinit2.o(.ARM.Collect$$libinit$$00000033) for __rt_lib_init_return
    libinit.o(.ARM.Collect$$libinit$$00000000) refers (Special) to libinit2.o(.ARM.Collect$$libinit$$0000001D) for __rt_lib_init_signal_1
    libinit.o(.ARM.Collect$$libinit$$00000000) refers (Special) to libinit2.o(.ARM.Collect$$libinit$$00000025) for __rt_lib_init_stdio_1
    libinit.o(.ARM.Collect$$libinit$$00000000) refers (Special) to libinit2.o(.ARM.Collect$$libinit$$0000000C) for __rt_lib_init_user_alloc_1
    sys_command.o(.text) refers (Special) to use_no_semi.o(.text) for __I$use$semihosting
    sys_command.o(.text) refers (Special) to indicate_semi.o(.text) for __semihosting_library_function
    sys_command_hlt.o(.text) refers (Special) to use_no_semi.o(.text) for __I$use$semihosting
    sys_command_hlt.o(.text) refers (Special) to indicate_semi.o(.text) for __semihosting_library_function
    libspace.o(.text) refers to libspace.o(.bss) for __libspace_start
    rtexit.o(.ARM.Collect$$rtexit$$00000000) refers (Special) to rtexit2.o(.ARM.Collect$$rtexit$$00000004) for __rt_exit_exit
    rtexit.o(.ARM.Collect$$rtexit$$00000000) refers (Special) to rtexit2.o(.ARM.Collect$$rtexit$$00000003) for __rt_exit_ls
    rtexit.o(.ARM.Collect$$rtexit$$00000000) refers (Special) to rtexit2.o(.ARM.Collect$$rtexit$$00000002) for __rt_exit_prels_1
    rtexit.o(.ARM.exidx) refers (Special) to rtexit2.o(.ARM.Collect$$rtexit$$00000004) for __rt_exit_exit
    rtexit.o(.ARM.exidx) refers (Special) to rtexit2.o(.ARM.Collect$$rtexit$$00000003) for __rt_exit_ls
    rtexit.o(.ARM.exidx) refers (Special) to rtexit2.o(.ARM.Collect$$rtexit$$00000002) for __rt_exit_prels_1
    rtexit.o(.ARM.exidx) refers to rtexit.o(.ARM.Collect$$rtexit$$00000000) for .ARM.Collect$$rtexit$$00000000
    defsig_rtmem_outer.o(.text) refers to defsig_rtmem_inner.o(.text) for __rt_SIGRTMEM_inner
    defsig_rtmem_outer.o(.text) refers to defsig_exit.o(.text) for __sig_exit
    defsig_rtmem_formal.o(.text) refers to rt_raise.o(.text) for __rt_raise
    rtexit2.o(.ARM.Collect$$rtexit$$00000003) refers to libshutdown.o(.ARM.Collect$$libshutdown$$00000000) for __rt_lib_shutdown
    rtexit2.o(.ARM.Collect$$rtexit$$00000004) refers to sys_exit.o(.text) for _sys_exit
    rtexit2.o(.ARM.exidx) refers to rtexit2.o(.ARM.Collect$$rtexit$$00000001) for .ARM.Collect$$rtexit$$00000001
    rtexit2.o(.ARM.exidx) refers to rtexit2.o(.ARM.Collect$$rtexit$$00000003) for .ARM.Collect$$rtexit$$00000003
    rtexit2.o(.ARM.exidx) refers to rtexit2.o(.ARM.Collect$$rtexit$$00000004) for .ARM.Collect$$rtexit$$00000004
    rt_raise.o(.text) refers to __raise.o(.text) for __raise
    rt_raise.o(.text) refers to sys_exit.o(.text) for _sys_exit
    defsig_exit.o(.text) refers to sys_exit.o(.text) for _sys_exit
    defsig_rtmem_inner.o(.text) refers to defsig_general.o(.text) for __default_signal_display
    sys_exit.o(.text) refers (Special) to use_no_semi.o(.text) for __I$use$semihosting
    sys_exit.o(.text) refers (Special) to indicate_semi.o(.text) for __semihosting_library_function
    sys_exit_hlt.o(.text) refers (Special) to use_no_semi.o(.text) for __I$use$semihosting
    sys_exit_hlt.o(.text) refers (Special) to indicate_semi.o(.text) for __semihosting_library_function
    __raise.o(.text) refers to defsig.o(CL$$defsig) for __default_signal_handler
    defsig_general.o(.text) refers to sys_wrch.o(.text) for _ttywrch
    libshutdown.o(.ARM.Collect$$libshutdown$$00000000) refers (Special) to libshutdown2.o(.ARM.Collect$$libshutdown$$00000002) for __rt_lib_shutdown_cpp_1
    libshutdown.o(.ARM.Collect$$libshutdown$$00000000) refers (Special) to libshutdown2.o(.ARM.Collect$$libshutdown$$00000007) for __rt_lib_shutdown_fp_trap_1
    libshutdown.o(.ARM.Collect$$libshutdown$$00000000) refers (Special) to libshutdown2.o(.ARM.Collect$$libshutdown$$0000000F) for __rt_lib_shutdown_heap_1
    libshutdown.o(.ARM.Collect$$libshutdown$$00000000) refers (Special) to libshutdown2.o(.ARM.Collect$$libshutdown$$00000010) for __rt_lib_shutdown_return
    libshutdown.o(.ARM.Collect$$libshutdown$$00000000) refers (Special) to libshutdown2.o(.ARM.Collect$$libshutdown$$0000000A) for __rt_lib_shutdown_signal_1
    libshutdown.o(.ARM.Collect$$libshutdown$$00000000) refers (Special) to libshutdown2.o(.ARM.Collect$$libshutdown$$00000004) for __rt_lib_shutdown_stdio_1
    libshutdown.o(.ARM.Collect$$libshutdown$$00000000) refers (Special) to libshutdown2.o(.ARM.Collect$$libshutdown$$0000000C) for __rt_lib_shutdown_user_alloc_1
    sys_wrch.o(.text) refers (Special) to use_no_semi.o(.text) for __I$use$semihosting
    sys_wrch.o(.text) refers (Special) to indicate_semi.o(.text) for __semihosting_library_function
    sys_wrch_hlt.o(.text) refers (Special) to use_no_semi.o(.text) for __I$use$semihosting
    sys_wrch_hlt.o(.text) refers (Special) to indicate_semi.o(.text) for __semihosting_library_function
    defsig.o(CL$$defsig) refers to defsig_rtmem_inner.o(.text) for __rt_SIGRTMEM_inner
    defsig_abrt_inner.o(.text) refers to defsig_general.o(.text) for __default_signal_display
    defsig_fpe_inner.o(.text) refers to defsig_general.o(.text) for __default_signal_display
    defsig_rtred_inner.o(.text) refers to defsig_general.o(.text) for __default_signal_display
    defsig_stak_inner.o(.text) refers to defsig_general.o(.text) for __default_signal_display
    defsig_pvfn_inner.o(.text) refers to defsig_general.o(.text) for __default_signal_display
    defsig_cppl_inner.o(.text) refers to defsig_general.o(.text) for __default_signal_display
    defsig_segv_inner.o(.text) refers to defsig_general.o(.text) for __default_signal_display
    defsig_other.o(.text) refers to defsig_general.o(.text) for __default_signal_display


==============================================================================

Removing Unused input sections from the image.

    Removing main.o(.text), (0 bytes).
    Removing main.o(.ARM.exidx.text.main), (8 bytes).
    Removing main.o(.ARM.exidx.text.set_up_hardware), (8 bytes).
    Removing main.o(.ARM.exidx.text.task0), (8 bytes).
    Removing main.o(.ARM.exidx.text.task1), (8 bytes).
    Removing main.o(.ARM.exidx.text.task2), (8 bytes).
    Removing main.o(.text.light_on), (24 bytes).
    Removing main.o(.ARM.exidx.text.light_on), (8 bytes).
    Removing main.o(.text.light_off), (24 bytes).
    Removing main.o(.ARM.exidx.text.light_off), (8 bytes).
    Removing main.o(.ARM.use_no_argv), (4 bytes).
    Removing stm32f1xx_dwt.o(.text), (0 bytes).
    Removing stm32f1xx_dwt.o(.text.dwt_init), (46 bytes).
    Removing stm32f1xx_dwt.o(.ARM.exidx.text.dwt_init), (8 bytes).
    Removing stm32f1xx_dwt.o(.text.delay_us), (34 bytes).
    Removing stm32f1xx_dwt.o(.ARM.exidx.text.delay_us), (8 bytes).
    Removing stm32f1xx_gpio.o(.text), (0 bytes).
    Removing stm32f1xx_gpio.o(.ARM.exidx.text.gpio_init), (8 bytes).
    Removing stm32f1xx_gpio.o(.text.gpio_write_pin), (12 bytes).
    Removing stm32f1xx_gpio.o(.ARM.exidx.text.gpio_write_pin), (8 bytes).
    Removing stm32f1xx_gpio.o(.text.gpio_read_pin), (10 bytes).
    Removing stm32f1xx_gpio.o(.ARM.exidx.text.gpio_read_pin), (8 bytes).
    Removing stm32f1xx_rcc.o(.text), (0 bytes).
    Removing stm32f1xx_rcc.o(.ARM.exidx.text.system_init_clock), (8 bytes).
    Removing stm32f1xx_rcc.o(.ARM.exidx.text.clock_enable_APB2), (8 bytes).
    Removing stm32f1xx_rcc.o(.text.clock_enable_APB1), (24 bytes).
    Removing stm32f1xx_rcc.o(.ARM.exidx.text.clock_enable_APB1), (8 bytes).
    Removing stm32f1xx_systick.o(.text), (0 bytes).
    Removing stm32f1xx_systick.o(.text.systick_init), (52 bytes).
    Removing stm32f1xx_systick.o(.ARM.exidx.text.systick_init), (8 bytes).
    Removing stm32f1xx_systick.o(.text.get_tick), (36 bytes).
    Removing stm32f1xx_systick.o(.ARM.exidx.text.get_tick), (8 bytes).
    Removing stm32f1xx_systick.o(.text.delay_ms), (40 bytes).
    Removing stm32f1xx_systick.o(.ARM.exidx.text.delay_ms), (8 bytes).
    Removing stm32f1xx_systick.o(.text.SysTick_Handler), (26 bytes).
    Removing stm32f1xx_systick.o(.ARM.exidx.text.SysTick_Handler), (8 bytes).
    Removing stm32f1xx_systick.o(.bss.g_current_tick), (4 bytes).
    Removing stm32f1xx_systick.o(.bss.current_tick), (4 bytes).
    Removing stm32f1xx_systick.o(.data.tick_freq), (4 bytes).
    Removing stm32f1xx_tim.o(.text), (0 bytes).
    Removing stm32f1xx_tim.o(.text.tim2_init), (64 bytes).
    Removing stm32f1xx_tim.o(.ARM.exidx.text.tim2_init), (8 bytes).
    Removing stm32f1xx_tim.o(.text.tim2_delay_ms), (34 bytes).
    Removing stm32f1xx_tim.o(.ARM.exidx.text.tim2_delay_ms), (8 bytes).
    Removing stm32f1xx_tim.o(.text.tim2_delay_us), (20 bytes).
    Removing stm32f1xx_tim.o(.ARM.exidx.text.tim2_delay_us), (8 bytes).
    Removing stm32f1xx_usart.o(.text), (0 bytes).
    Removing stm32f1xx_usart.o(.ARM.exidx.text.usart1_init), (8 bytes).
    Removing stm32f1xx_usart.o(.text.usart1_send_char), (18 bytes).
    Removing stm32f1xx_usart.o(.ARM.exidx.text.usart1_send_char), (8 bytes).
    Removing stm32f1xx_usart.o(.text.usart1_send_string), (28 bytes).
    Removing stm32f1xx_usart.o(.ARM.exidx.text.usart1_send_string), (8 bytes).
    Removing stm32f1xx_usart.o(.text.usart1_receive_byte), (20 bytes).
    Removing stm32f1xx_usart.o(.ARM.exidx.text.usart1_receive_byte), (8 bytes).
    Removing stm32f1xx_usart.o(.text.fputc), (24 bytes).
    Removing stm32f1xx_usart.o(.ARM.exidx.text.fputc), (8 bytes).
    Removing stm32f1xx_usart.o(.bss.__stdout), (84 bytes).
    Removing stm32f1xx_interrupt.o(.text), (0 bytes).
    Removing stm32f1xx_interrupt.o(.text.NVIC_EnableIRQ), (32 bytes).
    Removing stm32f1xx_interrupt.o(.ARM.exidx.text.NVIC_EnableIRQ), (8 bytes).
    Removing stm32f1xx_interrupt.o(.ARM.exidx.text.NVIC_SetPriority), (8 bytes).
    Removing led.o(.text), (0 bytes).
    Removing led.o(.ARM.exidx.text.led_init), (8 bytes).
    Removing led.o(.text.led_on), (20 bytes).
    Removing led.o(.ARM.exidx.text.led_on), (8 bytes).
    Removing led.o(.text.led_off), (20 bytes).
    Removing led.o(.ARM.exidx.text.led_off), (8 bytes).
    Removing kernel.o(.text), (0 bytes).
    Removing kernel.o(.ARM.exidx.text.rtos_kernel_release), (8 bytes).
    Removing kernel.o(.ARM.exidx.text.rtos_kernel_stack_init), (8 bytes).
    Removing kernel.o(.ARM.exidx.text.rtos_kernel_stack_add_threads), (8 bytes).
    Removing kernel.o(.ARM.exidx.text.rtos_kernel_scheduler_launch), (8 bytes).
    Removing kernel.o(.ARM.exidx.text.rtos_kernel_init), (8 bytes).
    Removing kernel.o(.ARM.exidx.text.rtos_kernel_launch), (8 bytes).
    Removing kernel.o(.ARM.exidx.text.SysTick_Handler), (8 bytes).
    Removing kernel.o(.text.osKernelInit), (8 bytes).
    Removing kernel.o(.ARM.exidx.text.osKernelInit), (8 bytes).
    Removing kernel.o(.text.osKernelAddThreads), (8 bytes).
    Removing kernel.o(.ARM.exidx.text.osKernelAddThreads), (8 bytes).
    Removing kernel.o(.text.osKernelLaunch), (10 bytes).
    Removing kernel.o(.ARM.exidx.text.osKernelLaunch), (8 bytes).
    Removing system_stm32f10x.o(.text), (0 bytes).
    Removing system_stm32f10x.o(.text.SystemInit), (86 bytes).
    Removing system_stm32f10x.o(.ARM.exidx.text.SystemInit), (8 bytes).
    Removing system_stm32f10x.o(.text.SetSysClock), (8 bytes).
    Removing system_stm32f10x.o(.ARM.exidx.text.SetSysClock), (8 bytes).
    Removing system_stm32f10x.o(.text.SystemCoreClockUpdate), (110 bytes).
    Removing system_stm32f10x.o(.ARM.exidx.text.SystemCoreClockUpdate), (8 bytes).
    Removing system_stm32f10x.o(.text.SetSysClockTo72), (190 bytes).
    Removing system_stm32f10x.o(.ARM.exidx.text.SetSysClockTo72), (8 bytes).
    Removing system_stm32f10x.o(.data.SystemCoreClock), (4 bytes).
    Removing system_stm32f10x.o(.rodata.AHBPrescTable), (16 bytes).

92 unused section(s) (total 1516 bytes) removed from the image.

==============================================================================

Image Symbol Table

    Local Symbols

    Symbol Name                              Value     Ov Type        Size  Object(Section)

    ../clib/angel/boardlib.s                 0x00000000   Number         0  boardinit1.o ABSOLUTE
    ../clib/angel/boardlib.s                 0x00000000   Number         0  boardinit2.o ABSOLUTE
    ../clib/angel/boardlib.s                 0x00000000   Number         0  boardinit3.o ABSOLUTE
    ../clib/angel/boardlib.s                 0x00000000   Number         0  boardshut.o ABSOLUTE
    ../clib/angel/handlers.s                 0x00000000   Number         0  __scatter_zi.o ABSOLUTE
    ../clib/angel/kernel.s                   0x00000000   Number         0  __rtentry.o ABSOLUTE
    ../clib/angel/kernel.s                   0x00000000   Number         0  __rtentry2.o ABSOLUTE
    ../clib/angel/kernel.s                   0x00000000   Number         0  __rtentry4.o ABSOLUTE
    ../clib/angel/kernel.s                   0x00000000   Number         0  rtexit.o ABSOLUTE
    ../clib/angel/kernel.s                   0x00000000   Number         0  rtexit2.o ABSOLUTE
    ../clib/angel/rt.s                       0x00000000   Number         0  rt_raise.o ABSOLUTE
    ../clib/angel/scatter.s                  0x00000000   Number         0  __scatter.o ABSOLUTE
    ../clib/angel/startup.s                  0x00000000   Number         0  __main.o ABSOLUTE
    ../clib/angel/sys.s                      0x00000000   Number         0  sys_stackheap_outer.o ABSOLUTE
    ../clib/angel/sys.s                      0x00000000   Number         0  libspace.o ABSOLUTE
    ../clib/angel/sys.s                      0x00000000   Number         0  use_no_semi.o ABSOLUTE
    ../clib/angel/sys.s                      0x00000000   Number         0  indicate_semi.o ABSOLUTE
    ../clib/angel/sysapp.c                   0x00000000   Number         0  sys_command.o ABSOLUTE
    ../clib/angel/sysapp.c                   0x00000000   Number         0  sys_command_hlt.o ABSOLUTE
    ../clib/angel/sysapp.c                   0x00000000   Number         0  sys_exit.o ABSOLUTE
    ../clib/angel/sysapp.c                   0x00000000   Number         0  sys_exit_hlt.o ABSOLUTE
    ../clib/angel/sysapp.c                   0x00000000   Number         0  sys_wrch.o ABSOLUTE
    ../clib/angel/sysapp.c                   0x00000000   Number         0  sys_wrch_hlt.o ABSOLUTE
    ../clib/arm_runtime.c                    0x00000000   Number         0  init_aeabi.o ABSOLUTE
    ../clib/arm_runtime.c                    0x00000000   Number         0  init_aeabi.o ABSOLUTE
    ../clib/armsys.c                         0x00000000   Number         0  argv_veneer.o ABSOLUTE
    ../clib/armsys.c                         0x00000000   Number         0  argv_veneer.o ABSOLUTE
    ../clib/armsys.c                         0x00000000   Number         0  _get_argv_nomalloc.o ABSOLUTE
    ../clib/armsys.c                         0x00000000   Number         0  no_argv.o ABSOLUTE
    ../clib/heapalloc.c                      0x00000000   Number         0  hrguard.o ABSOLUTE
    ../clib/heapaux.c                        0x00000000   Number         0  heapauxi.o ABSOLUTE
    ../clib/libinit.s                        0x00000000   Number         0  libinit2.o ABSOLUTE
    ../clib/libinit.s                        0x00000000   Number         0  libinit.o ABSOLUTE
    ../clib/libinit.s                        0x00000000   Number         0  libshutdown.o ABSOLUTE
    ../clib/libinit.s                        0x00000000   Number         0  libshutdown2.o ABSOLUTE
    ../clib/memcpset.s                       0x00000000   Number         0  aeabi_memset4.o ABSOLUTE
    ../clib/memcpset.s                       0x00000000   Number         0  rt_memclr_w.o ABSOLUTE
    ../clib/r_arm_target.c                   0x00000000   Number         0  __ARM_resolve_target1.o ABSOLUTE
    ../clib/r_arm_target.c                   0x00000000   Number         0  __ARM_resolve_target1_abs32.o ABSOLUTE
    ../clib/signal.c                         0x00000000   Number         0  defsig_rtmem_outer.o ABSOLUTE
    ../clib/signal.c                         0x00000000   Number         0  defsig_rtmem_formal.o ABSOLUTE
    ../clib/signal.c                         0x00000000   Number         0  defsig_exit.o ABSOLUTE
    ../clib/signal.c                         0x00000000   Number         0  defsig_rtmem_inner.o ABSOLUTE
    ../clib/signal.c                         0x00000000   Number         0  __raise.o ABSOLUTE
    ../clib/signal.c                         0x00000000   Number         0  defsig_general.o ABSOLUTE
    ../clib/signal.c                         0x00000000   Number         0  defsig_abrt_inner.o ABSOLUTE
    ../clib/signal.c                         0x00000000   Number         0  defsig_fpe_inner.o ABSOLUTE
    ../clib/signal.c                         0x00000000   Number         0  defsig_rtred_inner.o ABSOLUTE
    ../clib/signal.c                         0x00000000   Number         0  defsig_stak_inner.o ABSOLUTE
    ../clib/signal.c                         0x00000000   Number         0  defsig_pvfn_inner.o ABSOLUTE
    ../clib/signal.c                         0x00000000   Number         0  defsig_cppl_inner.o ABSOLUTE
    ../clib/signal.c                         0x00000000   Number         0  defsig_segv_inner.o ABSOLUTE
    ../clib/signal.c                         0x00000000   Number         0  defsig_other.o ABSOLUTE
    ../clib/signal.s                         0x00000000   Number         0  defsig.o ABSOLUTE
    ../clib/stdio.c                          0x00000000   Number         0  puts.o ABSOLUTE
    ../clib/stdlib.c                         0x00000000   Number         0  exit.o ABSOLUTE
    ../fplib/fpinit.s                        0x00000000   Number         0  fpinit.o ABSOLUTE
    ../fplib/fpinit_empty.s                  0x00000000   Number         0  fpinit_empty.o ABSOLUTE
    RTE/Device/STM32F103C8/startup_stm32f10x_md.s 0x00000000   Number         0  startup_stm32f10x_md.o ABSOLUTE
    dc.s                                     0x00000000   Number         0  dc.o ABSOLUTE
    kernel.c                                 0x00000000   Number         0  kernel.o ABSOLUTE
    led.c                                    0x00000000   Number         0  led.o ABSOLUTE
    main.c                                   0x00000000   Number         0  main.o ABSOLUTE
    stm32f1xx_dwt.c                          0x00000000   Number         0  stm32f1xx_dwt.o ABSOLUTE
    stm32f1xx_gpio.c                         0x00000000   Number         0  stm32f1xx_gpio.o ABSOLUTE
    stm32f1xx_interrupt.c                    0x00000000   Number         0  stm32f1xx_interrupt.o ABSOLUTE
    stm32f1xx_rcc.c                          0x00000000   Number         0  stm32f1xx_rcc.o ABSOLUTE
    stm32f1xx_systick.c                      0x00000000   Number         0  stm32f1xx_systick.o ABSOLUTE
    stm32f1xx_tim.c                          0x00000000   Number         0  stm32f1xx_tim.o ABSOLUTE
    stm32f1xx_usart.c                        0x00000000   Number         0  stm32f1xx_usart.o ABSOLUTE
    system_stm32f10x.c                       0x00000000   Number         0  system_stm32f10x.o ABSOLUTE
    RESET                                    0x08000000   Section      236  startup_stm32f10x_md.o(RESET)
    !!!main                                  0x080000ec   Section        8  __main.o(!!!main)
    !!!scatter                               0x080000f4   Section       52  __scatter.o(!!!scatter)
    !!handler_zi                             0x08000128   Section       28  __scatter_zi.o(!!handler_zi)
    .ARM.Collect$$libinit$$00000000          0x08000144   Section        2  libinit.o(.ARM.Collect$$libinit$$00000000)
    .ARM.Collect$$libinit$$00000002          0x08000146   Section        0  libinit2.o(.ARM.Collect$$libinit$$00000002)
    .ARM.Collect$$libinit$$00000004          0x08000146   Section        0  libinit2.o(.ARM.Collect$$libinit$$00000004)
    .ARM.Collect$$libinit$$0000000A          0x08000146   Section        0  libinit2.o(.ARM.Collect$$libinit$$0000000A)
    .ARM.Collect$$libinit$$0000000C          0x08000146   Section        0  libinit2.o(.ARM.Collect$$libinit$$0000000C)
    .ARM.Collect$$libinit$$0000000E          0x08000146   Section        0  libinit2.o(.ARM.Collect$$libinit$$0000000E)
    .ARM.Collect$$libinit$$00000011          0x08000146   Section        0  libinit2.o(.ARM.Collect$$libinit$$00000011)
    .ARM.Collect$$libinit$$00000013          0x08000146   Section        0  libinit2.o(.ARM.Collect$$libinit$$00000013)
    .ARM.Collect$$libinit$$00000015          0x08000146   Section        0  libinit2.o(.ARM.Collect$$libinit$$00000015)
    .ARM.Collect$$libinit$$00000017          0x08000146   Section        0  libinit2.o(.ARM.Collect$$libinit$$00000017)
    .ARM.Collect$$libinit$$00000019          0x08000146   Section        0  libinit2.o(.ARM.Collect$$libinit$$00000019)
    .ARM.Collect$$libinit$$0000001B          0x08000146   Section        0  libinit2.o(.ARM.Collect$$libinit$$0000001B)
    .ARM.Collect$$libinit$$0000001D          0x08000146   Section        0  libinit2.o(.ARM.Collect$$libinit$$0000001D)
    .ARM.Collect$$libinit$$0000001F          0x08000146   Section        0  libinit2.o(.ARM.Collect$$libinit$$0000001F)
    .ARM.Collect$$libinit$$00000021          0x08000146   Section        0  libinit2.o(.ARM.Collect$$libinit$$00000021)
    .ARM.Collect$$libinit$$00000023          0x08000146   Section        0  libinit2.o(.ARM.Collect$$libinit$$00000023)
    .ARM.Collect$$libinit$$00000025          0x08000146   Section        0  libinit2.o(.ARM.Collect$$libinit$$00000025)
    .ARM.Collect$$libinit$$0000002C          0x08000146   Section        0  libinit2.o(.ARM.Collect$$libinit$$0000002C)
    .ARM.Collect$$libinit$$0000002E          0x08000146   Section        0  libinit2.o(.ARM.Collect$$libinit$$0000002E)
    .ARM.Collect$$libinit$$00000030          0x08000146   Section        0  libinit2.o(.ARM.Collect$$libinit$$00000030)
    .ARM.Collect$$libinit$$00000031          0x08000146   Section        4  libinit2.o(.ARM.Collect$$libinit$$00000031)
    .ARM.Collect$$libinit$$00000032          0x0800014a   Section        0  libinit2.o(.ARM.Collect$$libinit$$00000032)
    .ARM.Collect$$libinit$$00000033          0x0800014a   Section        2  libinit2.o(.ARM.Collect$$libinit$$00000033)
    .ARM.Collect$$libshutdown$$00000000      0x0800014c   Section        2  libshutdown.o(.ARM.Collect$$libshutdown$$00000000)
    .ARM.Collect$$libshutdown$$00000002      0x0800014e   Section        0  libshutdown2.o(.ARM.Collect$$libshutdown$$00000002)
    .ARM.Collect$$libshutdown$$00000004      0x0800014e   Section        0  libshutdown2.o(.ARM.Collect$$libshutdown$$00000004)
    .ARM.Collect$$libshutdown$$00000007      0x0800014e   Section        0  libshutdown2.o(.ARM.Collect$$libshutdown$$00000007)
    .ARM.Collect$$libshutdown$$0000000A      0x0800014e   Section        0  libshutdown2.o(.ARM.Collect$$libshutdown$$0000000A)
    .ARM.Collect$$libshutdown$$0000000C      0x0800014e   Section        0  libshutdown2.o(.ARM.Collect$$libshutdown$$0000000C)
    .ARM.Collect$$libshutdown$$0000000F      0x0800014e   Section        0  libshutdown2.o(.ARM.Collect$$libshutdown$$0000000F)
    .ARM.Collect$$libshutdown$$00000010      0x0800014e   Section        2  libshutdown2.o(.ARM.Collect$$libshutdown$$00000010)
    .ARM.Collect$$rtentry$$00000000          0x08000150   Section        0  __rtentry.o(.ARM.Collect$$rtentry$$00000000)
    .ARM.Collect$$rtentry$$00000002          0x08000150   Section        0  __rtentry2.o(.ARM.Collect$$rtentry$$00000002)
    .ARM.Collect$$rtentry$$00000004          0x08000150   Section        6  __rtentry4.o(.ARM.Collect$$rtentry$$00000004)
    .ARM.Collect$$rtentry$$00000009          0x08000156   Section        0  __rtentry2.o(.ARM.Collect$$rtentry$$00000009)
    .ARM.Collect$$rtentry$$0000000A          0x08000156   Section        4  __rtentry2.o(.ARM.Collect$$rtentry$$0000000A)
    .ARM.Collect$$rtentry$$0000000C          0x0800015a   Section        0  __rtentry2.o(.ARM.Collect$$rtentry$$0000000C)
    .ARM.Collect$$rtentry$$0000000D          0x0800015a   Section        8  __rtentry2.o(.ARM.Collect$$rtentry$$0000000D)
    .ARM.Collect$$rtexit$$00000000           0x08000162   Section        2  rtexit.o(.ARM.Collect$$rtexit$$00000000)
    .ARM.Collect$$rtexit$$00000002           0x08000164   Section        0  rtexit2.o(.ARM.Collect$$rtexit$$00000002)
    .ARM.Collect$$rtexit$$00000003           0x08000164   Section        4  rtexit2.o(.ARM.Collect$$rtexit$$00000003)
    .ARM.Collect$$rtexit$$00000004           0x08000168   Section        6  rtexit2.o(.ARM.Collect$$rtexit$$00000004)
    .text                                    0x08000170   Section       56  startup_stm32f10x_md.o(.text)
    .text                                    0x080001a8   Section       16  aeabi_memset4.o(.text)
    .text                                    0x080001b8   Section        0  heapauxi.o(.text)
    .text                                    0x080001c0   Section        0  init_aeabi.o(.text)
    .text                                    0x080001e4   Section       78  rt_memclr_w.o(.text)
    .text                                    0x08000232   Section       74  sys_stackheap_outer.o(.text)
    .text                                    0x0800027c   Section        0  exit.o(.text)
    .text                                    0x08000290   Section        8  libspace.o(.text)
    .text                                    0x08000298   Section        2  use_no_semi.o(.text)
    .text                                    0x0800029a   Section        0  indicate_semi.o(.text)
    .text                                    0x0800029c   Section        0  sys_exit.o(.text)
    [Anonymous Symbol]                       0x080002a8   Section        0  stm32f1xx_interrupt.o(.text.NVIC_SetPriority)
    [Anonymous Symbol]                       0x080002cc   Section        0  kernel.o(.text.SysTick_Handler)
    [Anonymous Symbol]                       0x080002f0   Section        0  stm32f1xx_rcc.o(.text.clock_enable_APB2)
    [Anonymous Symbol]                       0x08000308   Section        0  stm32f1xx_gpio.o(.text.gpio_init)
    [Anonymous Symbol]                       0x080003c8   Section        0  led.o(.text.led_init)
    [Anonymous Symbol]                       0x080003e8   Section        0  main.o(.text.main)
    [Anonymous Symbol]                       0x08000418   Section        0  kernel.o(.text.rtos_kernel_init)
    [Anonymous Symbol]                       0x08000428   Section        0  kernel.o(.text.rtos_kernel_launch)
    [Anonymous Symbol]                       0x0800047c   Section        0  kernel.o(.text.rtos_kernel_release)
    [Anonymous Symbol]                       0x08000498   Section        0  kernel.o(.text.rtos_kernel_scheduler_launch)
    [Anonymous Symbol]                       0x080004bc   Section        0  kernel.o(.text.rtos_kernel_stack_add_threads)
    [Anonymous Symbol]                       0x08000524   Section        0  kernel.o(.text.rtos_kernel_stack_init)
    set_up_hardware                          0x0800055d   Thumb Code    16  main.o(.text.set_up_hardware)
    [Anonymous Symbol]                       0x0800055c   Section        0  main.o(.text.set_up_hardware)
    [Anonymous Symbol]                       0x0800056c   Section        0  stm32f1xx_rcc.o(.text.system_init_clock)
    [Anonymous Symbol]                       0x08000620   Section        0  main.o(.text.task0)
    [Anonymous Symbol]                       0x08000634   Section        0  main.o(.text.task1)
    [Anonymous Symbol]                       0x08000644   Section        0  main.o(.text.task2)
    [Anonymous Symbol]                       0x08000654   Section        0  stm32f1xx_usart.o(.text.usart1_init)
    .init_array                              0x080006d8   Section        0  init_aeabi.o(.init_array)
    .bss                                     0x20000000   Section       96  libspace.o(.bss)
    TCB_Stack                                0x20000060   Data        1200  kernel.o(.bss.TCB_Stack)
    [Anonymous Symbol]                       0x20000060   Section        0  kernel.o(.bss.TCB_Stack)
    millis_prescaler                         0x2000052c   Data           1  kernel.o(.bss.millis_prescaler)
    [Anonymous Symbol]                       0x2000052c   Section        0  kernel.o(.bss.millis_prescaler)
    task0_runner                             0x20000530   Data           4  main.o(.bss.task0_runner)
    [Anonymous Symbol]                       0x20000530   Section        0  main.o(.bss.task0_runner)
    task1_runner                             0x20000534   Data           4  main.o(.bss.task1_runner)
    [Anonymous Symbol]                       0x20000534   Section        0  main.o(.bss.task1_runner)
    task2_runner                             0x20000538   Data           4  main.o(.bss.task2_runner)
    [Anonymous Symbol]                       0x20000538   Section        0  main.o(.bss.task2_runner)
    Heap_Mem                                 0x20000540   Data         512  startup_stm32f10x_md.o(HEAP)
    HEAP                                     0x20000540   Section      512  startup_stm32f10x_md.o(HEAP)
    Stack_Mem                                0x20000740   Data        1024  startup_stm32f10x_md.o(STACK)
    STACK                                    0x20000740   Section     1024  startup_stm32f10x_md.o(STACK)
    __initial_sp                             0x20000b40   Data           0  startup_stm32f10x_md.o(STACK)

    Global Symbols

    Symbol Name                              Value     Ov Type        Size  Object(Section)

    BuildAttributes$$THM_ISAv4$P$D$K$B$S$PE$A:L22UL41UL21$X:L11$S22US41US21$IEEE1$IW$~IW$USESV6$~STKCKD$USESV7$~SHL$OTIME$ROPI$EBA8$UX$STANDARDLIB$REQ8$PRES8$EABIv2 0x00000000   Number         0  anon$$obj.o ABSOLUTE
    __fp_init_empty                          0x00000000   Number         0  fpinit_empty.o ABSOLUTE
    __ARM_exceptions_init                     - Undefined Weak Reference
    __alloca_initialize                       - Undefined Weak Reference
    __arm_preinit_                            - Undefined Weak Reference
    __cxa_finalize                            - Undefined Weak Reference
    __rt_locale                               - Undefined Weak Reference
    __sigvec_lookup                           - Undefined Weak Reference
    _atexit_init                              - Undefined Weak Reference
    _call_atexit_fns                          - Undefined Weak Reference
    _clock_init                               - Undefined Weak Reference
    _fp_trap_init                             - Undefined Weak Reference
    _fp_trap_shutdown                         - Undefined Weak Reference
    _get_lc_collate                           - Undefined Weak Reference
    _get_lc_ctype                             - Undefined Weak Reference
    _get_lc_monetary                          - Undefined Weak Reference
    _get_lc_numeric                           - Undefined Weak Reference
    _get_lc_time                              - Undefined Weak Reference
    _getenv_init                              - Undefined Weak Reference
    _handle_redirection                       - Undefined Weak Reference
    _init_alloc                               - Undefined Weak Reference
    _init_user_alloc                          - Undefined Weak Reference
    _initio                                   - Undefined Weak Reference
    _rand_init                                - Undefined Weak Reference
    _signal_finish                            - Undefined Weak Reference
    _signal_init                              - Undefined Weak Reference
    _terminate_alloc                          - Undefined Weak Reference
    _terminate_user_alloc                     - Undefined Weak Reference
    _terminateio                              - Undefined Weak Reference
    __Vectors_Size                           0x000000ec   Number         0  startup_stm32f10x_md.o ABSOLUTE
    __Vectors                                0x08000000   Data           4  startup_stm32f10x_md.o(RESET)
    __Vectors_End                            0x080000ec   Data           0  startup_stm32f10x_md.o(RESET)
    __main                                   0x080000ed   Thumb Code     8  __main.o(!!!main)
    __scatterload                            0x080000f5   Thumb Code     0  __scatter.o(!!!scatter)
    __scatterload_rt2                        0x080000f5   Thumb Code    44  __scatter.o(!!!scatter)
    __scatterload_rt2_thumb_only             0x080000f5   Thumb Code     0  __scatter.o(!!!scatter)
    __scatterload_null                       0x08000103   Thumb Code     0  __scatter.o(!!!scatter)
    __scatterload_zeroinit                   0x08000129   Thumb Code    28  __scatter_zi.o(!!handler_zi)
    __rt_lib_init                            0x08000145   Thumb Code     0  libinit.o(.ARM.Collect$$libinit$$00000000)
    __rt_lib_init_alloca_1                   0x08000147   Thumb Code     0  libinit2.o(.ARM.Collect$$libinit$$0000002E)
    __rt_lib_init_argv_1                     0x08000147   Thumb Code     0  libinit2.o(.ARM.Collect$$libinit$$0000002C)
    __rt_lib_init_atexit_1                   0x08000147   Thumb Code     0  libinit2.o(.ARM.Collect$$libinit$$0000001B)
    __rt_lib_init_clock_1                    0x08000147   Thumb Code     0  libinit2.o(.ARM.Collect$$libinit$$00000021)
    __rt_lib_init_cpp_2                      0x08000147   Thumb Code     0  libinit2.o(.ARM.Collect$$libinit$$00000031)
    __rt_lib_init_exceptions_1               0x08000147   Thumb Code     0  libinit2.o(.ARM.Collect$$libinit$$00000030)
    __rt_lib_init_fp_1                       0x08000147   Thumb Code     0  libinit2.o(.ARM.Collect$$libinit$$00000002)
    __rt_lib_init_fp_trap_1                  0x08000147   Thumb Code     0  libinit2.o(.ARM.Collect$$libinit$$0000001F)
    __rt_lib_init_getenv_1                   0x08000147   Thumb Code     0  libinit2.o(.ARM.Collect$$libinit$$00000023)
    __rt_lib_init_heap_1                     0x08000147   Thumb Code     0  libinit2.o(.ARM.Collect$$libinit$$0000000A)
    __rt_lib_init_lc_collate_1               0x08000147   Thumb Code     0  libinit2.o(.ARM.Collect$$libinit$$00000011)
    __rt_lib_init_lc_ctype_1                 0x08000147   Thumb Code     0  libinit2.o(.ARM.Collect$$libinit$$00000013)
    __rt_lib_init_lc_monetary_1              0x08000147   Thumb Code     0  libinit2.o(.ARM.Collect$$libinit$$00000015)
    __rt_lib_init_lc_numeric_1               0x08000147   Thumb Code     0  libinit2.o(.ARM.Collect$$libinit$$00000017)
    __rt_lib_init_lc_time_1                  0x08000147   Thumb Code     0  libinit2.o(.ARM.Collect$$libinit$$00000019)
    __rt_lib_init_preinit_1                  0x08000147   Thumb Code     0  libinit2.o(.ARM.Collect$$libinit$$00000004)
    __rt_lib_init_rand_1                     0x08000147   Thumb Code     0  libinit2.o(.ARM.Collect$$libinit$$0000000E)
    __rt_lib_init_signal_1                   0x08000147   Thumb Code     0  libinit2.o(.ARM.Collect$$libinit$$0000001D)
    __rt_lib_init_stdio_1                    0x08000147   Thumb Code     0  libinit2.o(.ARM.Collect$$libinit$$00000025)
    __rt_lib_init_user_alloc_1               0x08000147   Thumb Code     0  libinit2.o(.ARM.Collect$$libinit$$0000000C)
    __rt_lib_init_cpp_1                      0x0800014b   Thumb Code     0  libinit2.o(.ARM.Collect$$libinit$$00000032)
    __rt_lib_init_return                     0x0800014b   Thumb Code     0  libinit2.o(.ARM.Collect$$libinit$$00000033)
    __rt_lib_shutdown                        0x0800014d   Thumb Code     0  libshutdown.o(.ARM.Collect$$libshutdown$$00000000)
    __rt_lib_shutdown_cpp_1                  0x0800014f   Thumb Code     0  libshutdown2.o(.ARM.Collect$$libshutdown$$00000002)
    __rt_lib_shutdown_fp_trap_1              0x0800014f   Thumb Code     0  libshutdown2.o(.ARM.Collect$$libshutdown$$00000007)
    __rt_lib_shutdown_heap_1                 0x0800014f   Thumb Code     0  libshutdown2.o(.ARM.Collect$$libshutdown$$0000000F)
    __rt_lib_shutdown_return                 0x0800014f   Thumb Code     0  libshutdown2.o(.ARM.Collect$$libshutdown$$00000010)
    __rt_lib_shutdown_signal_1               0x0800014f   Thumb Code     0  libshutdown2.o(.ARM.Collect$$libshutdown$$0000000A)
    __rt_lib_shutdown_stdio_1                0x0800014f   Thumb Code     0  libshutdown2.o(.ARM.Collect$$libshutdown$$00000004)
    __rt_lib_shutdown_user_alloc_1           0x0800014f   Thumb Code     0  libshutdown2.o(.ARM.Collect$$libshutdown$$0000000C)
    __rt_entry                               0x08000151   Thumb Code     0  __rtentry.o(.ARM.Collect$$rtentry$$00000000)
    __rt_entry_presh_1                       0x08000151   Thumb Code     0  __rtentry2.o(.ARM.Collect$$rtentry$$00000002)
    __rt_entry_sh                            0x08000151   Thumb Code     0  __rtentry4.o(.ARM.Collect$$rtentry$$00000004)
    __rt_entry_li                            0x08000157   Thumb Code     0  __rtentry2.o(.ARM.Collect$$rtentry$$0000000A)
    __rt_entry_postsh_1                      0x08000157   Thumb Code     0  __rtentry2.o(.ARM.Collect$$rtentry$$00000009)
    __rt_entry_main                          0x0800015b   Thumb Code     0  __rtentry2.o(.ARM.Collect$$rtentry$$0000000D)
    __rt_entry_postli_1                      0x0800015b   Thumb Code     0  __rtentry2.o(.ARM.Collect$$rtentry$$0000000C)
    __rt_exit                                0x08000163   Thumb Code     0  rtexit.o(.ARM.Collect$$rtexit$$00000000)
    __rt_exit_ls                             0x08000165   Thumb Code     0  rtexit2.o(.ARM.Collect$$rtexit$$00000003)
    __rt_exit_prels_1                        0x08000165   Thumb Code     0  rtexit2.o(.ARM.Collect$$rtexit$$00000002)
    __rt_exit_exit                           0x08000169   Thumb Code     0  rtexit2.o(.ARM.Collect$$rtexit$$00000004)
    Reset_Handler                            0x08000171   Thumb Code     4  startup_stm32f10x_md.o(.text)
    NMI_Handler                              0x08000175   Thumb Code     2  startup_stm32f10x_md.o(.text)
    HardFault_Handler                        0x08000177   Thumb Code     2  startup_stm32f10x_md.o(.text)
    MemManage_Handler                        0x08000179   Thumb Code     2  startup_stm32f10x_md.o(.text)
    BusFault_Handler                         0x0800017b   Thumb Code     2  startup_stm32f10x_md.o(.text)
    UsageFault_Handler                       0x0800017d   Thumb Code     2  startup_stm32f10x_md.o(.text)
    SVC_Handler                              0x0800017f   Thumb Code     2  startup_stm32f10x_md.o(.text)
    DebugMon_Handler                         0x08000181   Thumb Code     2  startup_stm32f10x_md.o(.text)
    PendSV_Handler                           0x08000183   Thumb Code     2  startup_stm32f10x_md.o(.text)
    ADC1_2_IRQHandler                        0x08000187   Thumb Code     0  startup_stm32f10x_md.o(.text)
    CAN1_RX1_IRQHandler                      0x08000187   Thumb Code     0  startup_stm32f10x_md.o(.text)
    CAN1_SCE_IRQHandler                      0x08000187   Thumb Code     0  startup_stm32f10x_md.o(.text)
    DMA1_Channel1_IRQHandler                 0x08000187   Thumb Code     0  startup_stm32f10x_md.o(.text)
    DMA1_Channel2_IRQHandler                 0x08000187   Thumb Code     0  startup_stm32f10x_md.o(.text)
    DMA1_Channel3_IRQHandler                 0x08000187   Thumb Code     0  startup_stm32f10x_md.o(.text)
    DMA1_Channel4_IRQHandler                 0x08000187   Thumb Code     0  startup_stm32f10x_md.o(.text)
    DMA1_Channel5_IRQHandler                 0x08000187   Thumb Code     0  startup_stm32f10x_md.o(.text)
    DMA1_Channel6_IRQHandler                 0x08000187   Thumb Code     0  startup_stm32f10x_md.o(.text)
    DMA1_Channel7_IRQHandler                 0x08000187   Thumb Code     0  startup_stm32f10x_md.o(.text)
    EXTI0_IRQHandler                         0x08000187   Thumb Code     0  startup_stm32f10x_md.o(.text)
    EXTI15_10_IRQHandler                     0x08000187   Thumb Code     0  startup_stm32f10x_md.o(.text)
    EXTI1_IRQHandler                         0x08000187   Thumb Code     0  startup_stm32f10x_md.o(.text)
    EXTI2_IRQHandler                         0x08000187   Thumb Code     0  startup_stm32f10x_md.o(.text)
    EXTI3_IRQHandler                         0x08000187   Thumb Code     0  startup_stm32f10x_md.o(.text)
    EXTI4_IRQHandler                         0x08000187   Thumb Code     0  startup_stm32f10x_md.o(.text)
    EXTI9_5_IRQHandler                       0x08000187   Thumb Code     0  startup_stm32f10x_md.o(.text)
    FLASH_IRQHandler                         0x08000187   Thumb Code     0  startup_stm32f10x_md.o(.text)
    I2C1_ER_IRQHandler                       0x08000187   Thumb Code     0  startup_stm32f10x_md.o(.text)
    I2C1_EV_IRQHandler                       0x08000187   Thumb Code     0  startup_stm32f10x_md.o(.text)
    I2C2_ER_IRQHandler                       0x08000187   Thumb Code     0  startup_stm32f10x_md.o(.text)
    I2C2_EV_IRQHandler                       0x08000187   Thumb Code     0  startup_stm32f10x_md.o(.text)
    PVD_IRQHandler                           0x08000187   Thumb Code     0  startup_stm32f10x_md.o(.text)
    RCC_IRQHandler                           0x08000187   Thumb Code     0  startup_stm32f10x_md.o(.text)
    RTCAlarm_IRQHandler                      0x08000187   Thumb Code     0  startup_stm32f10x_md.o(.text)
    RTC_IRQHandler                           0x08000187   Thumb Code     0  startup_stm32f10x_md.o(.text)
    SPI1_IRQHandler                          0x08000187   Thumb Code     0  startup_stm32f10x_md.o(.text)
    SPI2_IRQHandler                          0x08000187   Thumb Code     0  startup_stm32f10x_md.o(.text)
    TAMPER_IRQHandler                        0x08000187   Thumb Code     0  startup_stm32f10x_md.o(.text)
    TIM1_BRK_IRQHandler                      0x08000187   Thumb Code     0  startup_stm32f10x_md.o(.text)
    TIM1_CC_IRQHandler                       0x08000187   Thumb Code     0  startup_stm32f10x_md.o(.text)
    TIM1_TRG_COM_IRQHandler                  0x08000187   Thumb Code     0  startup_stm32f10x_md.o(.text)
    TIM1_UP_IRQHandler                       0x08000187   Thumb Code     0  startup_stm32f10x_md.o(.text)
    TIM2_IRQHandler                          0x08000187   Thumb Code     0  startup_stm32f10x_md.o(.text)
    TIM3_IRQHandler                          0x08000187   Thumb Code     0  startup_stm32f10x_md.o(.text)
    TIM4_IRQHandler                          0x08000187   Thumb Code     0  startup_stm32f10x_md.o(.text)
    USART1_IRQHandler                        0x08000187   Thumb Code     0  startup_stm32f10x_md.o(.text)
    USART2_IRQHandler                        0x08000187   Thumb Code     0  startup_stm32f10x_md.o(.text)
    USART3_IRQHandler                        0x08000187   Thumb Code     0  startup_stm32f10x_md.o(.text)
    USBWakeUp_IRQHandler                     0x08000187   Thumb Code     0  startup_stm32f10x_md.o(.text)
    USB_HP_CAN1_TX_IRQHandler                0x08000187   Thumb Code     0  startup_stm32f10x_md.o(.text)
    USB_LP_CAN1_RX0_IRQHandler               0x08000187   Thumb Code     0  startup_stm32f10x_md.o(.text)
    WWDG_IRQHandler                          0x08000187   Thumb Code     0  startup_stm32f10x_md.o(.text)
    __user_initial_stackheap                 0x08000189   Thumb Code     0  startup_stm32f10x_md.o(.text)
    __aeabi_memset4                          0x080001a9   Thumb Code    16  aeabi_memset4.o(.text)
    __aeabi_memset8                          0x080001a9   Thumb Code     0  aeabi_memset4.o(.text)
    __use_two_region_memory                  0x080001b9   Thumb Code     2  heapauxi.o(.text)
    __rt_heap_escrow$2region                 0x080001bb   Thumb Code     2  heapauxi.o(.text)
    __rt_heap_expand$2region                 0x080001bd   Thumb Code     2  heapauxi.o(.text)
    __cpp_initialize__aeabi_                 0x080001c1   Thumb Code    28  init_aeabi.o(.text)
    __aeabi_memclr4                          0x080001e5   Thumb Code     0  rt_memclr_w.o(.text)
    __aeabi_memclr8                          0x080001e5   Thumb Code     0  rt_memclr_w.o(.text)
    __rt_memclr_w                            0x080001e5   Thumb Code    78  rt_memclr_w.o(.text)
    _memset_w                                0x080001e9   Thumb Code     0  rt_memclr_w.o(.text)
    __user_setup_stackheap                   0x08000233   Thumb Code    74  sys_stackheap_outer.o(.text)
    exit                                     0x0800027d   Thumb Code    18  exit.o(.text)
    __user_libspace                          0x08000291   Thumb Code     8  libspace.o(.text)
    __user_perproc_libspace                  0x08000291   Thumb Code     0  libspace.o(.text)
    __user_perthread_libspace                0x08000291   Thumb Code     0  libspace.o(.text)
    __I$use$semihosting                      0x08000299   Thumb Code     0  use_no_semi.o(.text)
    __use_no_semihosting_swi                 0x08000299   Thumb Code     2  use_no_semi.o(.text)
    __semihosting_library_function           0x0800029b   Thumb Code     0  indicate_semi.o(.text)
    _sys_exit                                0x0800029d   Thumb Code     8  sys_exit.o(.text)
    NVIC_SetPriority                         0x080002a9   Thumb Code    34  stm32f1xx_interrupt.o(.text.NVIC_SetPriority)
    SysTick_Handler                          0x080002cd   Thumb Code    30  kernel.o(.text.SysTick_Handler)
    clock_enable_APB2                        0x080002f1   Thumb Code    24  stm32f1xx_rcc.o(.text.clock_enable_APB2)
    gpio_init                                0x08000309   Thumb Code   192  stm32f1xx_gpio.o(.text.gpio_init)
    led_init                                 0x080003c9   Thumb Code    30  led.o(.text.led_init)
    main                                     0x080003e9   Thumb Code    46  main.o(.text.main)
    rtos_kernel_init                         0x08000419   Thumb Code    14  kernel.o(.text.rtos_kernel_init)
    rtos_kernel_launch                       0x08000429   Thumb Code    84  kernel.o(.text.rtos_kernel_launch)
    rtos_kernel_release                      0x0800047d   Thumb Code    28  kernel.o(.text.rtos_kernel_release)
    rtos_kernel_scheduler_launch             0x08000499   Thumb Code    30  kernel.o(.text.rtos_kernel_scheduler_launch)
    rtos_kernel_stack_add_threads            0x080004bd   Thumb Code   102  kernel.o(.text.rtos_kernel_stack_add_threads)
    rtos_kernel_stack_init                   0x08000525   Thumb Code    54  kernel.o(.text.rtos_kernel_stack_init)
    system_init_clock                        0x0800056d   Thumb Code   180  stm32f1xx_rcc.o(.text.system_init_clock)
    task0                                    0x08000621   Thumb Code    20  main.o(.text.task0)
    task1                                    0x08000635   Thumb Code    16  main.o(.text.task1)
    task2                                    0x08000645   Thumb Code    16  main.o(.text.task2)
    usart1_init                              0x08000655   Thumb Code   112  stm32f1xx_usart.o(.text.usart1_init)
    Region$$Table$$Base                      0x080006c4   Number         0  anon$$obj.o(Region$$Table)
    Region$$Table$$Limit                     0x080006d4   Number         0  anon$$obj.o(Region$$Table)
    SHT$$INIT_ARRAY$$Base                    0x080006d4   Number         0  stm32f1xx_rcc.o(.init_array)
    SHT$$INIT_ARRAY$$Limit                   0x080006d8   Number         0  init_aeabi.o(.init_array)
    __libspace_start                         0x20000000   Data          96  libspace.o(.bss)
    __temporary_stack_top$libspace           0x20000060   Data           0  libspace.o(.bss)
    TCBs                                     0x20000510   Data          24  kernel.o(.bss.TCBs)
    currentPointer                           0x20000528   Data           4  kernel.o(.bss.currentPointer)



==============================================================================

Memory Map of the image

  Image Entry point : 0x080000ed

  Load Region LR_IROM1 (Base: 0x08000000, Size: 0x000006d8, Max: 0x00010000, ABSOLUTE)

    Execution Region ER_IROM1 (Exec base: 0x08000000, Load base: 0x08000000, Size: 0x000006d8, Max: 0x00010000, ABSOLUTE)

    Exec Addr    Load Addr    Size         Type   Attr      Idx    E Section Name        Object

    0x08000000   0x08000000   0x000000ec   Data   RO          178    RESET               startup_stm32f10x_md.o
    0x080000ec   0x080000ec   0x00000008   Code   RO          211  * !!!main             c_w.l(__main.o)
    0x080000f4   0x080000f4   0x00000034   Code   RO          386    !!!scatter          c_w.l(__scatter.o)
    0x08000128   0x08000128   0x0000001c   Code   RO          388    !!handler_zi        c_w.l(__scatter_zi.o)
    0x08000144   0x08000144   0x00000002   Code   RO          303    .ARM.Collect$$libinit$$00000000  c_w.l(libinit.o)
    0x08000146   0x08000146   0x00000000   Code   RO          223    .ARM.Collect$$libinit$$00000002  c_w.l(libinit2.o)
    0x08000146   0x08000146   0x00000000   Code   RO          225    .ARM.Collect$$libinit$$00000004  c_w.l(libinit2.o)
    0x08000146   0x08000146   0x00000000   Code   RO          228    .ARM.Collect$$libinit$$0000000A  c_w.l(libinit2.o)
    0x08000146   0x08000146   0x00000000   Code   RO          230    .ARM.Collect$$libinit$$0000000C  c_w.l(libinit2.o)
    0x08000146   0x08000146   0x00000000   Code   RO          232    .ARM.Collect$$libinit$$0000000E  c_w.l(libinit2.o)
    0x08000146   0x08000146   0x00000000   Code   RO          235    .ARM.Collect$$libinit$$00000011  c_w.l(libinit2.o)
    0x08000146   0x08000146   0x00000000   Code   RO          237    .ARM.Collect$$libinit$$00000013  c_w.l(libinit2.o)
    0x08000146   0x08000146   0x00000000   Code   RO          239    .ARM.Collect$$libinit$$00000015  c_w.l(libinit2.o)
    0x08000146   0x08000146   0x00000000   Code   RO          241    .ARM.Collect$$libinit$$00000017  c_w.l(libinit2.o)
    0x08000146   0x08000146   0x00000000   Code   RO          243    .ARM.Collect$$libinit$$00000019  c_w.l(libinit2.o)
    0x08000146   0x08000146   0x00000000   Code   RO          245    .ARM.Collect$$libinit$$0000001B  c_w.l(libinit2.o)
    0x08000146   0x08000146   0x00000000   Code   RO          247    .ARM.Collect$$libinit$$0000001D  c_w.l(libinit2.o)
    0x08000146   0x08000146   0x00000000   Code   RO          249    .ARM.Collect$$libinit$$0000001F  c_w.l(libinit2.o)
    0x08000146   0x08000146   0x00000000   Code   RO          251    .ARM.Collect$$libinit$$00000021  c_w.l(libinit2.o)
    0x08000146   0x08000146   0x00000000   Code   RO          253    .ARM.Collect$$libinit$$00000023  c_w.l(libinit2.o)
    0x08000146   0x08000146   0x00000000   Code   RO          255    .ARM.Collect$$libinit$$00000025  c_w.l(libinit2.o)
    0x08000146   0x08000146   0x00000000   Code   RO          259    .ARM.Collect$$libinit$$0000002C  c_w.l(libinit2.o)
    0x08000146   0x08000146   0x00000000   Code   RO          261    .ARM.Collect$$libinit$$0000002E  c_w.l(libinit2.o)
    0x08000146   0x08000146   0x00000000   Code   RO          263    .ARM.Collect$$libinit$$00000030  c_w.l(libinit2.o)
    0x08000146   0x08000146   0x00000004   Code   RO          264    .ARM.Collect$$libinit$$00000031  c_w.l(libinit2.o)
    0x0800014a   0x0800014a   0x00000000   Code   RO          265    .ARM.Collect$$libinit$$00000032  c_w.l(libinit2.o)
    0x0800014a   0x0800014a   0x00000002   Code   RO          266    .ARM.Collect$$libinit$$00000033  c_w.l(libinit2.o)
    0x0800014c   0x0800014c   0x00000002   Code   RO          345    .ARM.Collect$$libshutdown$$00000000  c_w.l(libshutdown.o)
    0x0800014e   0x0800014e   0x00000000   Code   RO          353    .ARM.Collect$$libshutdown$$00000002  c_w.l(libshutdown2.o)
    0x0800014e   0x0800014e   0x00000000   Code   RO          355    .ARM.Collect$$libshutdown$$00000004  c_w.l(libshutdown2.o)
    0x0800014e   0x0800014e   0x00000000   Code   RO          358    .ARM.Collect$$libshutdown$$00000007  c_w.l(libshutdown2.o)
    0x0800014e   0x0800014e   0x00000000   Code   RO          361    .ARM.Collect$$libshutdown$$0000000A  c_w.l(libshutdown2.o)
    0x0800014e   0x0800014e   0x00000000   Code   RO          363    .ARM.Collect$$libshutdown$$0000000C  c_w.l(libshutdown2.o)
    0x0800014e   0x0800014e   0x00000000   Code   RO          366    .ARM.Collect$$libshutdown$$0000000F  c_w.l(libshutdown2.o)
    0x0800014e   0x0800014e   0x00000002   Code   RO          367    .ARM.Collect$$libshutdown$$00000010  c_w.l(libshutdown2.o)
    0x08000150   0x08000150   0x00000000   Code   RO          219    .ARM.Collect$$rtentry$$00000000  c_w.l(__rtentry.o)
    0x08000150   0x08000150   0x00000000   Code   RO          272    .ARM.Collect$$rtentry$$00000002  c_w.l(__rtentry2.o)
    0x08000150   0x08000150   0x00000006   Code   RO          284    .ARM.Collect$$rtentry$$00000004  c_w.l(__rtentry4.o)
    0x08000156   0x08000156   0x00000000   Code   RO          274    .ARM.Collect$$rtentry$$00000009  c_w.l(__rtentry2.o)
    0x08000156   0x08000156   0x00000004   Code   RO          275    .ARM.Collect$$rtentry$$0000000A  c_w.l(__rtentry2.o)
    0x0800015a   0x0800015a   0x00000000   Code   RO          277    .ARM.Collect$$rtentry$$0000000C  c_w.l(__rtentry2.o)
    0x0800015a   0x0800015a   0x00000008   Code   RO          278    .ARM.Collect$$rtentry$$0000000D  c_w.l(__rtentry2.o)
    0x08000162   0x08000162   0x00000002   Code   RO          311    .ARM.Collect$$rtexit$$00000000  c_w.l(rtexit.o)
    0x08000164   0x08000164   0x00000000   Code   RO          323    .ARM.Collect$$rtexit$$00000002  c_w.l(rtexit2.o)
    0x08000164   0x08000164   0x00000004   Code   RO          324    .ARM.Collect$$rtexit$$00000003  c_w.l(rtexit2.o)
    0x08000168   0x08000168   0x00000006   Code   RO          325    .ARM.Collect$$rtexit$$00000004  c_w.l(rtexit2.o)
    0x0800016e   0x0800016e   0x00000002   PAD
    0x08000170   0x08000170   0x00000038   Code   RO          179    .text               startup_stm32f10x_md.o
    0x080001a8   0x080001a8   0x00000010   Code   RO          207    .text               c_w.l(aeabi_memset4.o)
    0x080001b8   0x080001b8   0x00000006   Code   RO          209    .text               c_w.l(heapauxi.o)
    0x080001be   0x080001be   0x00000002   PAD
    0x080001c0   0x080001c0   0x00000024   Code   RO          216    .text               c_w.l(init_aeabi.o)
    0x080001e4   0x080001e4   0x0000004e   Code   RO          220    .text               c_w.l(rt_memclr_w.o)
    0x08000232   0x08000232   0x0000004a   Code   RO          290    .text               c_w.l(sys_stackheap_outer.o)
    0x0800027c   0x0800027c   0x00000012   Code   RO          292    .text               c_w.l(exit.o)
    0x0800028e   0x0800028e   0x00000002   PAD
    0x08000290   0x08000290   0x00000008   Code   RO          308    .text               c_w.l(libspace.o)
    0x08000298   0x08000298   0x00000002   Code   RO          319    .text               c_w.l(use_no_semi.o)
    0x0800029a   0x0800029a   0x00000000   Code   RO          321    .text               c_w.l(indicate_semi.o)
    0x0800029a   0x0800029a   0x00000002   PAD
    0x0800029c   0x0800029c   0x0000000c   Code   RO          335    .text               c_w.l(sys_exit.o)
    0x080002a8   0x080002a8   0x00000022   Code   RO          122    .text.NVIC_SetPriority  stm32f1xx_interrupt.o
    0x080002ca   0x080002ca   0x00000002   PAD
    0x080002cc   0x080002cc   0x00000024   Code   RO          157    .text.SysTick_Handler  kernel.o
    0x080002f0   0x080002f0   0x00000018   Code   RO           55    .text.clock_enable_APB2  stm32f1xx_rcc.o
    0x08000308   0x08000308   0x000000c0   Code   RO           39    .text.gpio_init     stm32f1xx_gpio.o
    0x080003c8   0x080003c8   0x0000001e   Code   RO          132    .text.led_init      led.o
    0x080003e6   0x080003e6   0x00000002   PAD
    0x080003e8   0x080003e8   0x0000002e   Code   RO            2    .text.main          main.o
    0x08000416   0x08000416   0x00000002   PAD
    0x08000418   0x08000418   0x0000000e   Code   RO          153    .text.rtos_kernel_init  kernel.o
    0x08000426   0x08000426   0x00000002   PAD
    0x08000428   0x08000428   0x00000054   Code   RO          155    .text.rtos_kernel_launch  kernel.o
    0x0800047c   0x0800047c   0x0000001c   Code   RO          145    .text.rtos_kernel_release  kernel.o
    0x08000498   0x08000498   0x00000024   Code   RO          151    .text.rtos_kernel_scheduler_launch  kernel.o
    0x080004bc   0x080004bc   0x00000066   Code   RO          149    .text.rtos_kernel_stack_add_threads  kernel.o
    0x08000522   0x08000522   0x00000002   PAD
    0x08000524   0x08000524   0x00000036   Code   RO          147    .text.rtos_kernel_stack_init  kernel.o
    0x0800055a   0x0800055a   0x00000002   PAD
    0x0800055c   0x0800055c   0x00000010   Code   RO            4    .text.set_up_hardware  main.o
    0x0800056c   0x0800056c   0x000000b4   Code   RO           53    .text.system_init_clock  stm32f1xx_rcc.o
    0x08000620   0x08000620   0x00000014   Code   RO            6    .text.task0         main.o
    0x08000634   0x08000634   0x00000010   Code   RO            8    .text.task1         main.o
    0x08000644   0x08000644   0x00000010   Code   RO           10    .text.task2         main.o
    0x08000654   0x08000654   0x00000070   Code   RO          101    .text.usart1_init   stm32f1xx_usart.o
    0x080006c4   0x080006c4   0x00000010   Data   RO          385    Region$$Table       anon$$obj.o
    0x080006d4   0x080006d4   0x00000004   Data   RO           59    .init_array         stm32f1xx_rcc.o
    0x080006d8   0x080006d4   0x00000000   Data   RO          214    .init_array         c_w.l(init_aeabi.o)


    Execution Region RW_IRAM1 (Exec base: 0x20000000, Load base: 0x080006d8, Size: 0x00000b40, Max: 0x00005000, ABSOLUTE)

    Exec Addr    Load Addr    Size         Type   Attr      Idx    E Section Name        Object

    0x20000000        -       0x00000060   Zero   RW          309    .bss                c_w.l(libspace.o)
    0x20000060        -       0x000004b0   Zero   RW          165    .bss.TCB_Stack      kernel.o
    0x20000510        -       0x00000018   Zero   RW          166    .bss.TCBs           kernel.o
    0x20000528        -       0x00000004   Zero   RW          167    .bss.currentPointer  kernel.o
    0x2000052c        -       0x00000001   Zero   RW          168    .bss.millis_prescaler  kernel.o
    0x2000052d   0x080006d8   0x00000003   PAD
    0x20000530        -       0x00000004   Zero   RW           16    .bss.task0_runner   main.o
    0x20000534        -       0x00000004   Zero   RW           17    .bss.task1_runner   main.o
    0x20000538        -       0x00000004   Zero   RW           18    .bss.task2_runner   main.o
    0x2000053c   0x080006d8   0x00000004   PAD
    0x20000540        -       0x00000200   Zero   RW          177    HEAP                startup_stm32f10x_md.o
    0x20000740        -       0x00000400   Zero   RW          176    STACK               startup_stm32f10x_md.o


==============================================================================

Image component sizes


      Code (inc. data)   RO Data    RW Data    ZI Data      Debug   Object Name

       354          8          0          0       1229       3502   kernel.o
        30          0          0          0          0       1373   led.o
       114          0          0          0         12       1151   main.o
        56         22        236          0       1536        836   startup_stm32f10x_md.o
       192          8          0          0          0       2266   stm32f1xx_gpio.o
        34          0          0          0          0       2077   stm32f1xx_interrupt.o
       204          0          4          0          0       1219   stm32f1xx_rcc.o
       112          0          0          0          0       2496   stm32f1xx_usart.o

    ----------------------------------------------------------------------
      1108         38        256          0       2784      14920   Object Totals
         0          0         16          0          0          0   (incl. Generated)
        12          0          0          0          7          0   (incl. Padding)

    ----------------------------------------------------------------------

      Code (inc. data)   RO Data    RW Data    ZI Data      Debug   Library Member Name

         8          0          0          0          0         68   __main.o
         0          0          0          0          0          0   __rtentry.o
        12          0          0          0          0          0   __rtentry2.o
         6          0          0          0          0          0   __rtentry4.o
        52          8          0          0          0          0   __scatter.o
        28          0          0          0          0          0   __scatter_zi.o
        16          0          0          0          0         68   aeabi_memset4.o
        18          0          0          0          0         80   exit.o
         6          0          0          0          0        152   heapauxi.o
         0          0          0          0          0          0   indicate_semi.o
        36          8          0          0          0         80   init_aeabi.o
         2          0          0          0          0          0   libinit.o
         6          0          0          0          0          0   libinit2.o
         2          0          0          0          0          0   libshutdown.o
         2          0          0          0          0          0   libshutdown2.o
         8          4          0          0         96         68   libspace.o
        78          0          0          0          0         80   rt_memclr_w.o
         2          0          0          0          0          0   rtexit.o
        10          0          0          0          0          0   rtexit2.o
        12          4          0          0          0         68   sys_exit.o
        74          0          0          0          0         80   sys_stackheap_outer.o
         2          0          0          0          0         68   use_no_semi.o

    ----------------------------------------------------------------------
       388         24          0          0         96        812   Library Totals
         8          0          0          0          0          0   (incl. Padding)

    ----------------------------------------------------------------------

      Code (inc. data)   RO Data    RW Data    ZI Data      Debug   Library Name

       380         24          0          0         96        812   c_w.l

    ----------------------------------------------------------------------
       388         24          0          0         96        812   Library Totals

    ----------------------------------------------------------------------

==============================================================================


      Code (inc. data)   RO Data    RW Data    ZI Data      Debug   

      1496         62        256          0       2880      15304   Grand Totals
      1496         62        256          0       2880      15304   ELF Image Totals
      1496         62        256          0          0          0   ROM Totals

==============================================================================

    Total RO  Size (Code + RO Data)                 1752 (   1.71kB)
    Total RW  Size (RW Data + ZI Data)              2880 (   2.81kB)
    Total ROM Size (Code + RO Data + RW Data)       1752 (   1.71kB)

==============================================================================

