Component: ARM Compiler 6.14 Tool: armlink [5db06800]

==============================================================================

Section Cross References

    main.o(.text.main) refers to stm32f1xx_systick.o(.text.systick_init) for systick_init
    main.o(.text.main) refers to stm32f1xx_usart.o(.text.usart1_init) for usart1_init
    main.o(.text.main) refers to led.o(.text.led_init) for led_init
    main.o(.text.main) refers to main.o(.text.light_off) for light_off
    main.o(.ARM.exidx.text.main) refers to main.o(.text.main) for [Anonymous Symbol]
    main.o(.text.light_on) refers to led.o(.text.led_on) for led_on
    main.o(.text.light_on) refers to puts.o(.text) for puts
    main.o(.text.light_on) refers to stm32f1xx_systick.o(.text.delay_ms) for delay_ms
    main.o(.ARM.exidx.text.light_on) refers to main.o(.text.light_on) for [Anonymous Symbol]
    main.o(.text.light_off) refers to led.o(.text.led_off) for led_off
    main.o(.text.light_off) refers to puts.o(.text) for puts
    main.o(.text.light_off) refers to stm32f1xx_systick.o(.text.delay_ms) for delay_ms
    main.o(.ARM.exidx.text.light_off) refers to main.o(.text.light_off) for [Anonymous Symbol]
    stm32f1xx_rcc.o(.ARM.exidx.text.system_init_clock) refers to stm32f1xx_rcc.o(.text.system_init_clock) for [Anonymous Symbol]
    stm32f1xx_rcc.o(.ARM.exidx.text.clock_enable_APB2) refers to stm32f1xx_rcc.o(.text.clock_enable_APB2) for [Anonymous Symbol]
    stm32f1xx_rcc.o(.ARM.exidx.text.clock_enable_APB1) refers to stm32f1xx_rcc.o(.text.clock_enable_APB1) for [Anonymous Symbol]
    stm32f1xx_rcc.o(.init_array) refers to stm32f1xx_rcc.o(.text.system_init_clock) for system_init_clock
    stm32f1xx_gpio.o(.ARM.exidx.text.gpio_init) refers to stm32f1xx_gpio.o(.text.gpio_init) for [Anonymous Symbol]
    stm32f1xx_gpio.o(.ARM.exidx.text.gpio_write_pin) refers to stm32f1xx_gpio.o(.text.gpio_write_pin) for [Anonymous Symbol]
    stm32f1xx_gpio.o(.ARM.exidx.text.gpio_read_pin) refers to stm32f1xx_gpio.o(.text.gpio_read_pin) for [Anonymous Symbol]
    stm32f1xx_usart.o(.text.usart1_init) refers to stm32f1xx_rcc.o(.text.clock_enable_APB2) for clock_enable_APB2
    stm32f1xx_usart.o(.text.usart1_init) refers to stm32f1xx_gpio.o(.text.gpio_init) for gpio_init
    stm32f1xx_usart.o(.ARM.exidx.text.usart1_init) refers to stm32f1xx_usart.o(.text.usart1_init) for [Anonymous Symbol]
    stm32f1xx_usart.o(.ARM.exidx.text.usart1_send_char) refers to stm32f1xx_usart.o(.text.usart1_send_char) for [Anonymous Symbol]
    stm32f1xx_usart.o(.text.usart1_send_string) refers to stm32f1xx_usart.o(.text.usart1_send_char) for usart1_send_char
    stm32f1xx_usart.o(.ARM.exidx.text.usart1_send_string) refers to stm32f1xx_usart.o(.text.usart1_send_string) for [Anonymous Symbol]
    stm32f1xx_usart.o(.ARM.exidx.text.usart1_receive_byte) refers to stm32f1xx_usart.o(.text.usart1_receive_byte) for [Anonymous Symbol]
    stm32f1xx_usart.o(.text.fputc) refers to stm32f1xx_usart.o(.text.usart1_send_char) for usart1_send_char
    stm32f1xx_usart.o(.ARM.exidx.text.fputc) refers to stm32f1xx_usart.o(.text.fputc) for [Anonymous Symbol]
    stm32f1xx_tim.o(.text.tim2_init) refers to stm32f1xx_rcc.o(.text.clock_enable_APB1) for clock_enable_APB1
    stm32f1xx_tim.o(.text.tim2_init) refers to stm32f1xx_rcc.o(.text.clock_enable_APB2) for clock_enable_APB2
    stm32f1xx_tim.o(.ARM.exidx.text.tim2_init) refers to stm32f1xx_tim.o(.text.tim2_init) for [Anonymous Symbol]
    stm32f1xx_tim.o(.ARM.exidx.text.tim2_delay_ms) refers to stm32f1xx_tim.o(.text.tim2_delay_ms) for [Anonymous Symbol]
    stm32f1xx_tim.o(.ARM.exidx.text.tim2_delay_us) refers to stm32f1xx_tim.o(.text.tim2_delay_us) for [Anonymous Symbol]
    stm32f1xx_systick.o(.ARM.exidx.text.systick_init) refers to stm32f1xx_systick.o(.text.systick_init) for [Anonymous Symbol]
    stm32f1xx_systick.o(.text.get_tick) refers to stm32f1xx_systick.o(.bss.g_current_tick) for g_current_tick
    stm32f1xx_systick.o(.text.get_tick) refers to stm32f1xx_systick.o(.bss.current_tick) for current_tick
    stm32f1xx_systick.o(.ARM.exidx.text.get_tick) refers to stm32f1xx_systick.o(.text.get_tick) for [Anonymous Symbol]
    stm32f1xx_systick.o(.text.delay_ms) refers to stm32f1xx_systick.o(.text.get_tick) for get_tick
    stm32f1xx_systick.o(.text.delay_ms) refers to stm32f1xx_systick.o(.data.tick_freq) for tick_freq
    stm32f1xx_systick.o(.ARM.exidx.text.delay_ms) refers to stm32f1xx_systick.o(.text.delay_ms) for [Anonymous Symbol]
    stm32f1xx_systick.o(.text.SysTick_Handler) refers to stm32f1xx_systick.o(.data.tick_freq) for tick_freq
    stm32f1xx_systick.o(.text.SysTick_Handler) refers to stm32f1xx_systick.o(.bss.g_current_tick) for g_current_tick
    stm32f1xx_systick.o(.ARM.exidx.text.SysTick_Handler) refers to stm32f1xx_systick.o(.text.SysTick_Handler) for [Anonymous Symbol]
    stm32f1xx_dwt.o(.ARM.exidx.text.dwt_init) refers to stm32f1xx_dwt.o(.text.dwt_init) for [Anonymous Symbol]
    stm32f1xx_dwt.o(.ARM.exidx.text.delay_us) refers to stm32f1xx_dwt.o(.text.delay_us) for [Anonymous Symbol]
    led.o(.text.led_init) refers to stm32f1xx_rcc.o(.text.clock_enable_APB2) for clock_enable_APB2
    led.o(.text.led_init) refers to stm32f1xx_gpio.o(.text.gpio_init) for gpio_init
    led.o(.ARM.exidx.text.led_init) refers to led.o(.text.led_init) for [Anonymous Symbol]
    led.o(.text.led_on) refers to stm32f1xx_gpio.o(.text.gpio_write_pin) for gpio_write_pin
    led.o(.ARM.exidx.text.led_on) refers to led.o(.text.led_on) for [Anonymous Symbol]
    led.o(.text.led_off) refers to stm32f1xx_gpio.o(.text.gpio_write_pin) for gpio_write_pin
    led.o(.ARM.exidx.text.led_off) refers to led.o(.text.led_off) for [Anonymous Symbol]
    startup_stm32f10x_md.o(STACK) refers (Special) to heapauxi.o(.text) for __use_two_region_memory
    startup_stm32f10x_md.o(HEAP) refers (Special) to heapauxi.o(.text) for __use_two_region_memory
    startup_stm32f10x_md.o(RESET) refers (Special) to heapauxi.o(.text) for __use_two_region_memory
    startup_stm32f10x_md.o(RESET) refers to startup_stm32f10x_md.o(STACK) for __initial_sp
    startup_stm32f10x_md.o(RESET) refers to startup_stm32f10x_md.o(.text) for Reset_Handler
    startup_stm32f10x_md.o(RESET) refers to stm32f1xx_systick.o(.text.SysTick_Handler) for SysTick_Handler
    startup_stm32f10x_md.o(.text) refers (Special) to heapauxi.o(.text) for __use_two_region_memory
    startup_stm32f10x_md.o(.text) refers to __main.o(!!!main) for __main
    startup_stm32f10x_md.o(.text) refers to startup_stm32f10x_md.o(HEAP) for Heap_Mem
    startup_stm32f10x_md.o(.text) refers to startup_stm32f10x_md.o(STACK) for Stack_Mem
    system_stm32f10x.o(.text.SystemInit) refers to system_stm32f10x.o(.text.SetSysClock) for SetSysClock
    system_stm32f10x.o(.ARM.exidx.text.SystemInit) refers to system_stm32f10x.o(.text.SystemInit) for [Anonymous Symbol]
    system_stm32f10x.o(.text.SetSysClock) refers to system_stm32f10x.o(.text.SetSysClockTo72) for SetSysClockTo72
    system_stm32f10x.o(.ARM.exidx.text.SetSysClock) refers to system_stm32f10x.o(.text.SetSysClock) for [Anonymous Symbol]
    system_stm32f10x.o(.text.SystemCoreClockUpdate) refers to system_stm32f10x.o(.data.SystemCoreClock) for SystemCoreClock
    system_stm32f10x.o(.text.SystemCoreClockUpdate) refers to system_stm32f10x.o(.rodata.AHBPrescTable) for AHBPrescTable
    system_stm32f10x.o(.ARM.exidx.text.SystemCoreClockUpdate) refers to system_stm32f10x.o(.text.SystemCoreClockUpdate) for [Anonymous Symbol]
    system_stm32f10x.o(.ARM.exidx.text.SetSysClockTo72) refers to system_stm32f10x.o(.text.SetSysClockTo72) for [Anonymous Symbol]
    puts.o(.text) refers to stm32f1xx_usart.o(.text.fputc) for fputc
    puts.o(.text) refers to stm32f1xx_usart.o(.bss.__stdout) for __stdout
    __main.o(!!!main) refers to __rtentry.o(.ARM.Collect$$rtentry$$00000000) for __rt_entry
    init_aeabi.o(.emb_text) refers (Special) to libinit2.o(.ARM.Collect$$libinit$$00000031) for __rt_lib_init_cpp_2
    init_aeabi.o(.init_array) refers (Special) to libinit2.o(.ARM.Collect$$libinit$$00000031) for __rt_lib_init_cpp_2
    init_aeabi.o(.dummy_text) refers (Special) to libinit2.o(.ARM.Collect$$libinit$$00000031) for __rt_lib_init_cpp_2
    init_aeabi.o(.text) refers (Special) to libinit2.o(.ARM.Collect$$libinit$$00000031) for __rt_lib_init_cpp_2
    init_aeabi.o(.ARM.exidx) refers (Special) to libinit2.o(.ARM.Collect$$libinit$$00000031) for __rt_lib_init_cpp_2
    init_aeabi.o(.ARM.exidx) refers to init_aeabi.o(.text) for .text
    __rtentry.o(.ARM.Collect$$rtentry$$00000000) refers (Special) to __rtentry2.o(.ARM.Collect$$rtentry$$0000000A) for __rt_entry_li
    __rtentry.o(.ARM.Collect$$rtentry$$00000000) refers (Special) to __rtentry2.o(.ARM.Collect$$rtentry$$0000000D) for __rt_entry_main
    __rtentry.o(.ARM.Collect$$rtentry$$00000000) refers (Special) to __rtentry2.o(.ARM.Collect$$rtentry$$0000000C) for __rt_entry_postli_1
    __rtentry.o(.ARM.Collect$$rtentry$$00000000) refers (Special) to __rtentry2.o(.ARM.Collect$$rtentry$$00000009) for __rt_entry_postsh_1
    __rtentry.o(.ARM.Collect$$rtentry$$00000000) refers (Special) to __rtentry2.o(.ARM.Collect$$rtentry$$00000002) for __rt_entry_presh_1
    __rtentry.o(.ARM.Collect$$rtentry$$00000000) refers (Special) to __rtentry4.o(.ARM.Collect$$rtentry$$00000004) for __rt_entry_sh
    libinit2.o(.ARM.Collect$$libinit$$00000010) refers to libinit2.o(.ARM.Collect$$libinit$$0000000F) for .ARM.Collect$$libinit$$0000000F
    libinit2.o(.ARM.Collect$$libinit$$00000012) refers to libinit2.o(.ARM.Collect$$libinit$$0000000F) for .ARM.Collect$$libinit$$0000000F
    libinit2.o(.ARM.Collect$$libinit$$00000014) refers to libinit2.o(.ARM.Collect$$libinit$$0000000F) for .ARM.Collect$$libinit$$0000000F
    libinit2.o(.ARM.Collect$$libinit$$00000016) refers to libinit2.o(.ARM.Collect$$libinit$$0000000F) for .ARM.Collect$$libinit$$0000000F
    libinit2.o(.ARM.Collect$$libinit$$00000018) refers to libinit2.o(.ARM.Collect$$libinit$$0000000F) for .ARM.Collect$$libinit$$0000000F
    libinit2.o(.ARM.Collect$$libinit$$00000026) refers to argv_veneer.o(.emb_text) for __ARM_argv_veneer
    libinit2.o(.ARM.Collect$$libinit$$00000027) refers to argv_veneer.o(.emb_text) for __ARM_argv_veneer
    libinit2.o(.ARM.Collect$$libinit$$00000031) refers (Weak) to init_aeabi.o(.text) for __cpp_initialize__aeabi_
    __rtentry2.o(.ARM.Collect$$rtentry$$00000008) refers to boardinit2.o(.text) for _platform_post_stackheap_init
    __rtentry2.o(.ARM.Collect$$rtentry$$0000000A) refers to libinit.o(.ARM.Collect$$libinit$$00000000) for __rt_lib_init
    __rtentry2.o(.ARM.Collect$$rtentry$$0000000B) refers to boardinit3.o(.text) for _platform_post_lib_init
    __rtentry2.o(.ARM.Collect$$rtentry$$0000000D) refers to main.o(.text.main) for main
    __rtentry2.o(.ARM.Collect$$rtentry$$0000000D) refers to exit.o(.text) for exit
    __rtentry2.o(.ARM.exidx) refers to __rtentry2.o(.ARM.Collect$$rtentry$$00000001) for .ARM.Collect$$rtentry$$00000001
    __rtentry2.o(.ARM.exidx) refers to __rtentry2.o(.ARM.Collect$$rtentry$$00000008) for .ARM.Collect$$rtentry$$00000008
    __rtentry2.o(.ARM.exidx) refers to __rtentry2.o(.ARM.Collect$$rtentry$$0000000A) for .ARM.Collect$$rtentry$$0000000A
    __rtentry2.o(.ARM.exidx) refers to __rtentry2.o(.ARM.Collect$$rtentry$$0000000B) for .ARM.Collect$$rtentry$$0000000B
    __rtentry2.o(.ARM.exidx) refers to __rtentry2.o(.ARM.Collect$$rtentry$$0000000D) for .ARM.Collect$$rtentry$$0000000D
    __rtentry4.o(.ARM.Collect$$rtentry$$00000004) refers to sys_stackheap_outer.o(.text) for __user_setup_stackheap
    __rtentry4.o(.ARM.exidx) refers to __rtentry4.o(.ARM.Collect$$rtentry$$00000004) for .ARM.Collect$$rtentry$$00000004
    argv_veneer.o(.emb_text) refers to no_argv.o(.text) for __ARM_get_argv
    sys_stackheap_outer.o(.text) refers to libspace.o(.text) for __user_perproc_libspace
    sys_stackheap_outer.o(.text) refers to startup_stm32f10x_md.o(.text) for __user_initial_stackheap
    exit.o(.text) refers to rtexit.o(.ARM.Collect$$rtexit$$00000000) for __rt_exit
    _get_argv_nomalloc.o(.text) refers (Special) to hrguard.o(.text) for __heap_region$guard
    _get_argv_nomalloc.o(.text) refers to defsig_rtmem_outer.o(.text) for __rt_SIGRTMEM
    _get_argv_nomalloc.o(.text) refers to sys_command.o(.text) for _sys_command_string
    libinit.o(.ARM.Collect$$libinit$$00000000) refers (Special) to libinit2.o(.ARM.Collect$$libinit$$0000002E) for __rt_lib_init_alloca_1
    libinit.o(.ARM.Collect$$libinit$$00000000) refers (Special) to libinit2.o(.ARM.Collect$$libinit$$0000002C) for __rt_lib_init_argv_1
    libinit.o(.ARM.Collect$$libinit$$00000000) refers (Special) to libinit2.o(.ARM.Collect$$libinit$$0000001B) for __rt_lib_init_atexit_1
    libinit.o(.ARM.Collect$$libinit$$00000000) refers (Special) to libinit2.o(.ARM.Collect$$libinit$$00000021) for __rt_lib_init_clock_1
    libinit.o(.ARM.Collect$$libinit$$00000000) refers (Special) to libinit2.o(.ARM.Collect$$libinit$$00000032) for __rt_lib_init_cpp_1
    libinit.o(.ARM.Collect$$libinit$$00000000) refers (Special) to libinit2.o(.ARM.Collect$$libinit$$00000030) for __rt_lib_init_exceptions_1
    libinit.o(.ARM.Collect$$libinit$$00000000) refers (Special) to libinit2.o(.ARM.Collect$$libinit$$00000002) for __rt_lib_init_fp_1
    libinit.o(.ARM.Collect$$libinit$$00000000) refers (Special) to libinit2.o(.ARM.Collect$$libinit$$0000001F) for __rt_lib_init_fp_trap_1
    libinit.o(.ARM.Collect$$libinit$$00000000) refers (Special) to libinit2.o(.ARM.Collect$$libinit$$00000023) for __rt_lib_init_getenv_1
    libinit.o(.ARM.Collect$$libinit$$00000000) refers (Special) to libinit2.o(.ARM.Collect$$libinit$$0000000A) for __rt_lib_init_heap_1
    libinit.o(.ARM.Collect$$libinit$$00000000) refers (Special) to libinit2.o(.ARM.Collect$$libinit$$00000011) for __rt_lib_init_lc_collate_1
    libinit.o(.ARM.Collect$$libinit$$00000000) refers (Special) to libinit2.o(.ARM.Collect$$libinit$$00000013) for __rt_lib_init_lc_ctype_1
    libinit.o(.ARM.Collect$$libinit$$00000000) refers (Special) to libinit2.o(.ARM.Collect$$libinit$$00000015) for __rt_lib_init_lc_monetary_1
    libinit.o(.ARM.Collect$$libinit$$00000000) refers (Special) to libinit2.o(.ARM.Collect$$libinit$$00000017) for __rt_lib_init_lc_numeric_1
    libinit.o(.ARM.Collect$$libinit$$00000000) refers (Special) to libinit2.o(.ARM.Collect$$libinit$$00000019) for __rt_lib_init_lc_time_1
    libinit.o(.ARM.Collect$$libinit$$00000000) refers (Special) to libinit2.o(.ARM.Collect$$libinit$$00000004) for __rt_lib_init_preinit_1
    libinit.o(.ARM.Collect$$libinit$$00000000) refers (Special) to libinit2.o(.ARM.Collect$$libinit$$0000000E) for __rt_lib_init_rand_1
    libinit.o(.ARM.Collect$$libinit$$00000000) refers (Special) to libinit2.o(.ARM.Collect$$libinit$$00000033) for __rt_lib_init_return
    libinit.o(.ARM.Collect$$libinit$$00000000) refers (Special) to libinit2.o(.ARM.Collect$$libinit$$0000001D) for __rt_lib_init_signal_1
    libinit.o(.ARM.Collect$$libinit$$00000000) refers (Special) to libinit2.o(.ARM.Collect$$libinit$$00000025) for __rt_lib_init_stdio_1
    libinit.o(.ARM.Collect$$libinit$$00000000) refers (Special) to libinit2.o(.ARM.Collect$$libinit$$0000000C) for __rt_lib_init_user_alloc_1
    sys_command.o(.text) refers (Special) to use_no_semi.o(.text) for __I$use$semihosting
    sys_command.o(.text) refers (Special) to indicate_semi.o(.text) for __semihosting_library_function
    sys_command_hlt.o(.text) refers (Special) to use_no_semi.o(.text) for __I$use$semihosting
    sys_command_hlt.o(.text) refers (Special) to indicate_semi.o(.text) for __semihosting_library_function
    libspace.o(.text) refers to libspace.o(.bss) for __libspace_start
    rtexit.o(.ARM.Collect$$rtexit$$00000000) refers (Special) to rtexit2.o(.ARM.Collect$$rtexit$$00000004) for __rt_exit_exit
    rtexit.o(.ARM.Collect$$rtexit$$00000000) refers (Special) to rtexit2.o(.ARM.Collect$$rtexit$$00000003) for __rt_exit_ls
    rtexit.o(.ARM.Collect$$rtexit$$00000000) refers (Special) to rtexit2.o(.ARM.Collect$$rtexit$$00000002) for __rt_exit_prels_1
    rtexit.o(.ARM.exidx) refers (Special) to rtexit2.o(.ARM.Collect$$rtexit$$00000004) for __rt_exit_exit
    rtexit.o(.ARM.exidx) refers (Special) to rtexit2.o(.ARM.Collect$$rtexit$$00000003) for __rt_exit_ls
    rtexit.o(.ARM.exidx) refers (Special) to rtexit2.o(.ARM.Collect$$rtexit$$00000002) for __rt_exit_prels_1
    rtexit.o(.ARM.exidx) refers to rtexit.o(.ARM.Collect$$rtexit$$00000000) for .ARM.Collect$$rtexit$$00000000
    defsig_rtmem_outer.o(.text) refers to defsig_rtmem_inner.o(.text) for __rt_SIGRTMEM_inner
    defsig_rtmem_outer.o(.text) refers to defsig_exit.o(.text) for __sig_exit
    defsig_rtmem_formal.o(.text) refers to rt_raise.o(.text) for __rt_raise
    rtexit2.o(.ARM.Collect$$rtexit$$00000003) refers to libshutdown.o(.ARM.Collect$$libshutdown$$00000000) for __rt_lib_shutdown
    rtexit2.o(.ARM.Collect$$rtexit$$00000004) refers to sys_exit.o(.text) for _sys_exit
    rtexit2.o(.ARM.exidx) refers to rtexit2.o(.ARM.Collect$$rtexit$$00000001) for .ARM.Collect$$rtexit$$00000001
    rtexit2.o(.ARM.exidx) refers to rtexit2.o(.ARM.Collect$$rtexit$$00000003) for .ARM.Collect$$rtexit$$00000003
    rtexit2.o(.ARM.exidx) refers to rtexit2.o(.ARM.Collect$$rtexit$$00000004) for .ARM.Collect$$rtexit$$00000004
    rt_raise.o(.text) refers to __raise.o(.text) for __raise
    rt_raise.o(.text) refers to sys_exit.o(.text) for _sys_exit
    defsig_exit.o(.text) refers to sys_exit.o(.text) for _sys_exit
    defsig_rtmem_inner.o(.text) refers to defsig_general.o(.text) for __default_signal_display
    sys_exit.o(.text) refers (Special) to use_no_semi.o(.text) for __I$use$semihosting
    sys_exit.o(.text) refers (Special) to indicate_semi.o(.text) for __semihosting_library_function
    sys_exit_hlt.o(.text) refers (Special) to use_no_semi.o(.text) for __I$use$semihosting
    sys_exit_hlt.o(.text) refers (Special) to indicate_semi.o(.text) for __semihosting_library_function
    __raise.o(.text) refers to defsig.o(CL$$defsig) for __default_signal_handler
    defsig_general.o(.text) refers to sys_wrch.o(.text) for _ttywrch
    libshutdown.o(.ARM.Collect$$libshutdown$$00000000) refers (Special) to libshutdown2.o(.ARM.Collect$$libshutdown$$00000002) for __rt_lib_shutdown_cpp_1
    libshutdown.o(.ARM.Collect$$libshutdown$$00000000) refers (Special) to libshutdown2.o(.ARM.Collect$$libshutdown$$00000007) for __rt_lib_shutdown_fp_trap_1
    libshutdown.o(.ARM.Collect$$libshutdown$$00000000) refers (Special) to libshutdown2.o(.ARM.Collect$$libshutdown$$0000000F) for __rt_lib_shutdown_heap_1
    libshutdown.o(.ARM.Collect$$libshutdown$$00000000) refers (Special) to libshutdown2.o(.ARM.Collect$$libshutdown$$00000010) for __rt_lib_shutdown_return
    libshutdown.o(.ARM.Collect$$libshutdown$$00000000) refers (Special) to libshutdown2.o(.ARM.Collect$$libshutdown$$0000000A) for __rt_lib_shutdown_signal_1
    libshutdown.o(.ARM.Collect$$libshutdown$$00000000) refers (Special) to libshutdown2.o(.ARM.Collect$$libshutdown$$00000004) for __rt_lib_shutdown_stdio_1
    libshutdown.o(.ARM.Collect$$libshutdown$$00000000) refers (Special) to libshutdown2.o(.ARM.Collect$$libshutdown$$0000000C) for __rt_lib_shutdown_user_alloc_1
    sys_wrch.o(.text) refers (Special) to use_no_semi.o(.text) for __I$use$semihosting
    sys_wrch.o(.text) refers (Special) to indicate_semi.o(.text) for __semihosting_library_function
    sys_wrch_hlt.o(.text) refers (Special) to use_no_semi.o(.text) for __I$use$semihosting
    sys_wrch_hlt.o(.text) refers (Special) to indicate_semi.o(.text) for __semihosting_library_function
    defsig.o(CL$$defsig) refers to defsig_rtmem_inner.o(.text) for __rt_SIGRTMEM_inner
    defsig_abrt_inner.o(.text) refers to defsig_general.o(.text) for __default_signal_display
    defsig_fpe_inner.o(.text) refers to defsig_general.o(.text) for __default_signal_display
    defsig_rtred_inner.o(.text) refers to defsig_general.o(.text) for __default_signal_display
    defsig_stak_inner.o(.text) refers to defsig_general.o(.text) for __default_signal_display
    defsig_pvfn_inner.o(.text) refers to defsig_general.o(.text) for __default_signal_display
    defsig_cppl_inner.o(.text) refers to defsig_general.o(.text) for __default_signal_display
    defsig_segv_inner.o(.text) refers to defsig_general.o(.text) for __default_signal_display
    defsig_other.o(.text) refers to defsig_general.o(.text) for __default_signal_display


==============================================================================

Removing Unused input sections from the image.

    Removing main.o(.text), (0 bytes).
    Removing main.o(.ARM.exidx.text.main), (8 bytes).
    Removing main.o(.text.light_on), (36 bytes).
    Removing main.o(.ARM.exidx.text.light_on), (8 bytes).
    Removing main.o(.ARM.exidx.text.light_off), (8 bytes).
    Removing main.o(.ARM.use_no_argv), (4 bytes).
    Removing stm32f1xx_rcc.o(.text), (0 bytes).
    Removing stm32f1xx_rcc.o(.ARM.exidx.text.system_init_clock), (8 bytes).
    Removing stm32f1xx_rcc.o(.ARM.exidx.text.clock_enable_APB2), (8 bytes).
    Removing stm32f1xx_rcc.o(.text.clock_enable_APB1), (24 bytes).
    Removing stm32f1xx_rcc.o(.ARM.exidx.text.clock_enable_APB1), (8 bytes).
    Removing stm32f1xx_gpio.o(.text), (0 bytes).
    Removing stm32f1xx_gpio.o(.ARM.exidx.text.gpio_init), (8 bytes).
    Removing stm32f1xx_gpio.o(.ARM.exidx.text.gpio_write_pin), (8 bytes).
    Removing stm32f1xx_gpio.o(.text.gpio_read_pin), (10 bytes).
    Removing stm32f1xx_gpio.o(.ARM.exidx.text.gpio_read_pin), (8 bytes).
    Removing stm32f1xx_usart.o(.text), (0 bytes).
    Removing stm32f1xx_usart.o(.ARM.exidx.text.usart1_init), (8 bytes).
    Removing stm32f1xx_usart.o(.ARM.exidx.text.usart1_send_char), (8 bytes).
    Removing stm32f1xx_usart.o(.text.usart1_send_string), (28 bytes).
    Removing stm32f1xx_usart.o(.ARM.exidx.text.usart1_send_string), (8 bytes).
    Removing stm32f1xx_usart.o(.text.usart1_receive_byte), (20 bytes).
    Removing stm32f1xx_usart.o(.ARM.exidx.text.usart1_receive_byte), (8 bytes).
    Removing stm32f1xx_usart.o(.ARM.exidx.text.fputc), (8 bytes).
    Removing stm32f1xx_tim.o(.text), (0 bytes).
    Removing stm32f1xx_tim.o(.text.tim2_init), (64 bytes).
    Removing stm32f1xx_tim.o(.ARM.exidx.text.tim2_init), (8 bytes).
    Removing stm32f1xx_tim.o(.text.tim2_delay_ms), (34 bytes).
    Removing stm32f1xx_tim.o(.ARM.exidx.text.tim2_delay_ms), (8 bytes).
    Removing stm32f1xx_tim.o(.text.tim2_delay_us), (20 bytes).
    Removing stm32f1xx_tim.o(.ARM.exidx.text.tim2_delay_us), (8 bytes).
    Removing stm32f1xx_systick.o(.text), (0 bytes).
    Removing stm32f1xx_systick.o(.ARM.exidx.text.systick_init), (8 bytes).
    Removing stm32f1xx_systick.o(.ARM.exidx.text.get_tick), (8 bytes).
    Removing stm32f1xx_systick.o(.ARM.exidx.text.delay_ms), (8 bytes).
    Removing stm32f1xx_systick.o(.ARM.exidx.text.SysTick_Handler), (8 bytes).
    Removing stm32f1xx_dwt.o(.text), (0 bytes).
    Removing stm32f1xx_dwt.o(.text.dwt_init), (46 bytes).
    Removing stm32f1xx_dwt.o(.ARM.exidx.text.dwt_init), (8 bytes).
    Removing stm32f1xx_dwt.o(.text.delay_us), (34 bytes).
    Removing stm32f1xx_dwt.o(.ARM.exidx.text.delay_us), (8 bytes).
    Removing led.o(.text), (0 bytes).
    Removing led.o(.ARM.exidx.text.led_init), (8 bytes).
    Removing led.o(.text.led_on), (20 bytes).
    Removing led.o(.ARM.exidx.text.led_on), (8 bytes).
    Removing led.o(.ARM.exidx.text.led_off), (8 bytes).
    Removing system_stm32f10x.o(.text), (0 bytes).
    Removing system_stm32f10x.o(.text.SystemInit), (86 bytes).
    Removing system_stm32f10x.o(.ARM.exidx.text.SystemInit), (8 bytes).
    Removing system_stm32f10x.o(.text.SetSysClock), (8 bytes).
    Removing system_stm32f10x.o(.ARM.exidx.text.SetSysClock), (8 bytes).
    Removing system_stm32f10x.o(.text.SystemCoreClockUpdate), (110 bytes).
    Removing system_stm32f10x.o(.ARM.exidx.text.SystemCoreClockUpdate), (8 bytes).
    Removing system_stm32f10x.o(.text.SetSysClockTo72), (190 bytes).
    Removing system_stm32f10x.o(.ARM.exidx.text.SetSysClockTo72), (8 bytes).
    Removing system_stm32f10x.o(.data.SystemCoreClock), (4 bytes).
    Removing system_stm32f10x.o(.rodata.AHBPrescTable), (16 bytes).

57 unused section(s) (total 994 bytes) removed from the image.

==============================================================================

Image Symbol Table

    Local Symbols

    Symbol Name                              Value     Ov Type        Size  Object(Section)

    ../clib/angel/boardlib.s                 0x00000000   Number         0  boardinit1.o ABSOLUTE
    ../clib/angel/boardlib.s                 0x00000000   Number         0  boardinit2.o ABSOLUTE
    ../clib/angel/boardlib.s                 0x00000000   Number         0  boardinit3.o ABSOLUTE
    ../clib/angel/boardlib.s                 0x00000000   Number         0  boardshut.o ABSOLUTE
    ../clib/angel/handlers.s                 0x00000000   Number         0  __scatter_copy.o ABSOLUTE
    ../clib/angel/handlers.s                 0x00000000   Number         0  __scatter_zi.o ABSOLUTE
    ../clib/angel/kernel.s                   0x00000000   Number         0  __rtentry.o ABSOLUTE
    ../clib/angel/kernel.s                   0x00000000   Number         0  __rtentry2.o ABSOLUTE
    ../clib/angel/kernel.s                   0x00000000   Number         0  __rtentry4.o ABSOLUTE
    ../clib/angel/kernel.s                   0x00000000   Number         0  rtexit.o ABSOLUTE
    ../clib/angel/kernel.s                   0x00000000   Number         0  rtexit2.o ABSOLUTE
    ../clib/angel/rt.s                       0x00000000   Number         0  rt_raise.o ABSOLUTE
    ../clib/angel/scatter.s                  0x00000000   Number         0  __scatter.o ABSOLUTE
    ../clib/angel/startup.s                  0x00000000   Number         0  __main.o ABSOLUTE
    ../clib/angel/sys.s                      0x00000000   Number         0  sys_stackheap_outer.o ABSOLUTE
    ../clib/angel/sys.s                      0x00000000   Number         0  libspace.o ABSOLUTE
    ../clib/angel/sys.s                      0x00000000   Number         0  use_no_semi.o ABSOLUTE
    ../clib/angel/sys.s                      0x00000000   Number         0  indicate_semi.o ABSOLUTE
    ../clib/angel/sysapp.c                   0x00000000   Number         0  sys_command.o ABSOLUTE
    ../clib/angel/sysapp.c                   0x00000000   Number         0  sys_command_hlt.o ABSOLUTE
    ../clib/angel/sysapp.c                   0x00000000   Number         0  sys_exit.o ABSOLUTE
    ../clib/angel/sysapp.c                   0x00000000   Number         0  sys_exit_hlt.o ABSOLUTE
    ../clib/angel/sysapp.c                   0x00000000   Number         0  sys_wrch.o ABSOLUTE
    ../clib/angel/sysapp.c                   0x00000000   Number         0  sys_wrch_hlt.o ABSOLUTE
    ../clib/arm_runtime.c                    0x00000000   Number         0  init_aeabi.o ABSOLUTE
    ../clib/arm_runtime.c                    0x00000000   Number         0  init_aeabi.o ABSOLUTE
    ../clib/armsys.c                         0x00000000   Number         0  argv_veneer.o ABSOLUTE
    ../clib/armsys.c                         0x00000000   Number         0  argv_veneer.o ABSOLUTE
    ../clib/armsys.c                         0x00000000   Number         0  _get_argv_nomalloc.o ABSOLUTE
    ../clib/armsys.c                         0x00000000   Number         0  no_argv.o ABSOLUTE
    ../clib/heapalloc.c                      0x00000000   Number         0  hrguard.o ABSOLUTE
    ../clib/heapaux.c                        0x00000000   Number         0  heapauxi.o ABSOLUTE
    ../clib/libinit.s                        0x00000000   Number         0  libinit2.o ABSOLUTE
    ../clib/libinit.s                        0x00000000   Number         0  libinit.o ABSOLUTE
    ../clib/libinit.s                        0x00000000   Number         0  libshutdown.o ABSOLUTE
    ../clib/libinit.s                        0x00000000   Number         0  libshutdown2.o ABSOLUTE
    ../clib/r_arm_target.c                   0x00000000   Number         0  __ARM_resolve_target1.o ABSOLUTE
    ../clib/r_arm_target.c                   0x00000000   Number         0  __ARM_resolve_target1_abs32.o ABSOLUTE
    ../clib/signal.c                         0x00000000   Number         0  defsig_rtmem_outer.o ABSOLUTE
    ../clib/signal.c                         0x00000000   Number         0  defsig_rtmem_formal.o ABSOLUTE
    ../clib/signal.c                         0x00000000   Number         0  defsig_exit.o ABSOLUTE
    ../clib/signal.c                         0x00000000   Number         0  defsig_rtmem_inner.o ABSOLUTE
    ../clib/signal.c                         0x00000000   Number         0  __raise.o ABSOLUTE
    ../clib/signal.c                         0x00000000   Number         0  defsig_general.o ABSOLUTE
    ../clib/signal.c                         0x00000000   Number         0  defsig_abrt_inner.o ABSOLUTE
    ../clib/signal.c                         0x00000000   Number         0  defsig_fpe_inner.o ABSOLUTE
    ../clib/signal.c                         0x00000000   Number         0  defsig_rtred_inner.o ABSOLUTE
    ../clib/signal.c                         0x00000000   Number         0  defsig_stak_inner.o ABSOLUTE
    ../clib/signal.c                         0x00000000   Number         0  defsig_pvfn_inner.o ABSOLUTE
    ../clib/signal.c                         0x00000000   Number         0  defsig_cppl_inner.o ABSOLUTE
    ../clib/signal.c                         0x00000000   Number         0  defsig_segv_inner.o ABSOLUTE
    ../clib/signal.c                         0x00000000   Number         0  defsig_other.o ABSOLUTE
    ../clib/signal.s                         0x00000000   Number         0  defsig.o ABSOLUTE
    ../clib/stdio.c                          0x00000000   Number         0  puts.o ABSOLUTE
    ../clib/stdlib.c                         0x00000000   Number         0  exit.o ABSOLUTE
    ../fplib/fpinit.s                        0x00000000   Number         0  fpinit.o ABSOLUTE
    ../fplib/fpinit_empty.s                  0x00000000   Number         0  fpinit_empty.o ABSOLUTE
    RTE/Device/STM32F103C8/startup_stm32f10x_md.s 0x00000000   Number         0  startup_stm32f10x_md.o ABSOLUTE
    dc.s                                     0x00000000   Number         0  dc.o ABSOLUTE
    led.c                                    0x00000000   Number         0  led.o ABSOLUTE
    main.c                                   0x00000000   Number         0  main.o ABSOLUTE
    stm32f1xx_dwt.c                          0x00000000   Number         0  stm32f1xx_dwt.o ABSOLUTE
    stm32f1xx_gpio.c                         0x00000000   Number         0  stm32f1xx_gpio.o ABSOLUTE
    stm32f1xx_rcc.c                          0x00000000   Number         0  stm32f1xx_rcc.o ABSOLUTE
    stm32f1xx_systick.c                      0x00000000   Number         0  stm32f1xx_systick.o ABSOLUTE
    stm32f1xx_tim.c                          0x00000000   Number         0  stm32f1xx_tim.o ABSOLUTE
    stm32f1xx_usart.c                        0x00000000   Number         0  stm32f1xx_usart.o ABSOLUTE
    system_stm32f10x.c                       0x00000000   Number         0  system_stm32f10x.o ABSOLUTE
    RESET                                    0x08000000   Section      236  startup_stm32f10x_md.o(RESET)
    !!!main                                  0x080000ec   Section        8  __main.o(!!!main)
    !!!scatter                               0x080000f4   Section       52  __scatter.o(!!!scatter)
    !!handler_copy                           0x08000128   Section       26  __scatter_copy.o(!!handler_copy)
    !!handler_zi                             0x08000144   Section       28  __scatter_zi.o(!!handler_zi)
    .ARM.Collect$$libinit$$00000000          0x08000160   Section        2  libinit.o(.ARM.Collect$$libinit$$00000000)
    .ARM.Collect$$libinit$$00000002          0x08000162   Section        0  libinit2.o(.ARM.Collect$$libinit$$00000002)
    .ARM.Collect$$libinit$$00000004          0x08000162   Section        0  libinit2.o(.ARM.Collect$$libinit$$00000004)
    .ARM.Collect$$libinit$$0000000A          0x08000162   Section        0  libinit2.o(.ARM.Collect$$libinit$$0000000A)
    .ARM.Collect$$libinit$$0000000C          0x08000162   Section        0  libinit2.o(.ARM.Collect$$libinit$$0000000C)
    .ARM.Collect$$libinit$$0000000E          0x08000162   Section        0  libinit2.o(.ARM.Collect$$libinit$$0000000E)
    .ARM.Collect$$libinit$$00000011          0x08000162   Section        0  libinit2.o(.ARM.Collect$$libinit$$00000011)
    .ARM.Collect$$libinit$$00000013          0x08000162   Section        0  libinit2.o(.ARM.Collect$$libinit$$00000013)
    .ARM.Collect$$libinit$$00000015          0x08000162   Section        0  libinit2.o(.ARM.Collect$$libinit$$00000015)
    .ARM.Collect$$libinit$$00000017          0x08000162   Section        0  libinit2.o(.ARM.Collect$$libinit$$00000017)
    .ARM.Collect$$libinit$$00000019          0x08000162   Section        0  libinit2.o(.ARM.Collect$$libinit$$00000019)
    .ARM.Collect$$libinit$$0000001B          0x08000162   Section        0  libinit2.o(.ARM.Collect$$libinit$$0000001B)
    .ARM.Collect$$libinit$$0000001D          0x08000162   Section        0  libinit2.o(.ARM.Collect$$libinit$$0000001D)
    .ARM.Collect$$libinit$$0000001F          0x08000162   Section        0  libinit2.o(.ARM.Collect$$libinit$$0000001F)
    .ARM.Collect$$libinit$$00000021          0x08000162   Section        0  libinit2.o(.ARM.Collect$$libinit$$00000021)
    .ARM.Collect$$libinit$$00000023          0x08000162   Section        0  libinit2.o(.ARM.Collect$$libinit$$00000023)
    .ARM.Collect$$libinit$$00000025          0x08000162   Section        0  libinit2.o(.ARM.Collect$$libinit$$00000025)
    .ARM.Collect$$libinit$$0000002C          0x08000162   Section        0  libinit2.o(.ARM.Collect$$libinit$$0000002C)
    .ARM.Collect$$libinit$$0000002E          0x08000162   Section        0  libinit2.o(.ARM.Collect$$libinit$$0000002E)
    .ARM.Collect$$libinit$$00000030          0x08000162   Section        0  libinit2.o(.ARM.Collect$$libinit$$00000030)
    .ARM.Collect$$libinit$$00000031          0x08000162   Section        4  libinit2.o(.ARM.Collect$$libinit$$00000031)
    .ARM.Collect$$libinit$$00000032          0x08000166   Section        0  libinit2.o(.ARM.Collect$$libinit$$00000032)
    .ARM.Collect$$libinit$$00000033          0x08000166   Section        2  libinit2.o(.ARM.Collect$$libinit$$00000033)
    .ARM.Collect$$libshutdown$$00000000      0x08000168   Section        2  libshutdown.o(.ARM.Collect$$libshutdown$$00000000)
    .ARM.Collect$$libshutdown$$00000002      0x0800016a   Section        0  libshutdown2.o(.ARM.Collect$$libshutdown$$00000002)
    .ARM.Collect$$libshutdown$$00000004      0x0800016a   Section        0  libshutdown2.o(.ARM.Collect$$libshutdown$$00000004)
    .ARM.Collect$$libshutdown$$00000007      0x0800016a   Section        0  libshutdown2.o(.ARM.Collect$$libshutdown$$00000007)
    .ARM.Collect$$libshutdown$$0000000A      0x0800016a   Section        0  libshutdown2.o(.ARM.Collect$$libshutdown$$0000000A)
    .ARM.Collect$$libshutdown$$0000000C      0x0800016a   Section        0  libshutdown2.o(.ARM.Collect$$libshutdown$$0000000C)
    .ARM.Collect$$libshutdown$$0000000F      0x0800016a   Section        0  libshutdown2.o(.ARM.Collect$$libshutdown$$0000000F)
    .ARM.Collect$$libshutdown$$00000010      0x0800016a   Section        2  libshutdown2.o(.ARM.Collect$$libshutdown$$00000010)
    .ARM.Collect$$rtentry$$00000000          0x0800016c   Section        0  __rtentry.o(.ARM.Collect$$rtentry$$00000000)
    .ARM.Collect$$rtentry$$00000002          0x0800016c   Section        0  __rtentry2.o(.ARM.Collect$$rtentry$$00000002)
    .ARM.Collect$$rtentry$$00000004          0x0800016c   Section        6  __rtentry4.o(.ARM.Collect$$rtentry$$00000004)
    .ARM.Collect$$rtentry$$00000009          0x08000172   Section        0  __rtentry2.o(.ARM.Collect$$rtentry$$00000009)
    .ARM.Collect$$rtentry$$0000000A          0x08000172   Section        4  __rtentry2.o(.ARM.Collect$$rtentry$$0000000A)
    .ARM.Collect$$rtentry$$0000000C          0x08000176   Section        0  __rtentry2.o(.ARM.Collect$$rtentry$$0000000C)
    .ARM.Collect$$rtentry$$0000000D          0x08000176   Section        8  __rtentry2.o(.ARM.Collect$$rtentry$$0000000D)
    .ARM.Collect$$rtexit$$00000000           0x0800017e   Section        2  rtexit.o(.ARM.Collect$$rtexit$$00000000)
    .ARM.Collect$$rtexit$$00000002           0x08000180   Section        0  rtexit2.o(.ARM.Collect$$rtexit$$00000002)
    .ARM.Collect$$rtexit$$00000003           0x08000180   Section        4  rtexit2.o(.ARM.Collect$$rtexit$$00000003)
    .ARM.Collect$$rtexit$$00000004           0x08000184   Section        6  rtexit2.o(.ARM.Collect$$rtexit$$00000004)
    .text                                    0x0800018c   Section       56  startup_stm32f10x_md.o(.text)
    .text                                    0x080001c4   Section        0  puts.o(.text)
    .text                                    0x080001f0   Section        0  heapauxi.o(.text)
    .text                                    0x080001f8   Section        0  init_aeabi.o(.text)
    .text                                    0x0800021c   Section       74  sys_stackheap_outer.o(.text)
    .text                                    0x08000266   Section        0  exit.o(.text)
    .text                                    0x08000278   Section        8  libspace.o(.text)
    .text                                    0x08000280   Section        2  use_no_semi.o(.text)
    .text                                    0x08000282   Section        0  indicate_semi.o(.text)
    .text                                    0x08000284   Section        0  sys_exit.o(.text)
    [Anonymous Symbol]                       0x08000290   Section        0  stm32f1xx_systick.o(.text.SysTick_Handler)
    [Anonymous Symbol]                       0x080002ac   Section        0  stm32f1xx_rcc.o(.text.clock_enable_APB2)
    [Anonymous Symbol]                       0x080002c4   Section        0  stm32f1xx_systick.o(.text.delay_ms)
    [Anonymous Symbol]                       0x080002ec   Section        0  stm32f1xx_usart.o(.text.fputc)
    [Anonymous Symbol]                       0x08000304   Section        0  stm32f1xx_systick.o(.text.get_tick)
    [Anonymous Symbol]                       0x08000328   Section        0  stm32f1xx_gpio.o(.text.gpio_init)
    [Anonymous Symbol]                       0x080003e8   Section        0  stm32f1xx_gpio.o(.text.gpio_write_pin)
    [Anonymous Symbol]                       0x080003f4   Section        0  led.o(.text.led_init)
    [Anonymous Symbol]                       0x08000414   Section        0  led.o(.text.led_off)
    [Anonymous Symbol]                       0x08000428   Section        0  main.o(.text.light_off)
    [Anonymous Symbol]                       0x0800044c   Section        0  main.o(.text.main)
    [Anonymous Symbol]                       0x08000460   Section        0  stm32f1xx_rcc.o(.text.system_init_clock)
    [Anonymous Symbol]                       0x08000514   Section        0  stm32f1xx_systick.o(.text.systick_init)
    [Anonymous Symbol]                       0x08000548   Section        0  stm32f1xx_usart.o(.text.usart1_init)
    [Anonymous Symbol]                       0x080005b8   Section        0  stm32f1xx_usart.o(.text.usart1_send_char)
    .init_array                              0x080005f0   Section        0  init_aeabi.o(.init_array)
    tick_freq                                0x20000000   Data           4  stm32f1xx_systick.o(.data.tick_freq)
    [Anonymous Symbol]                       0x20000000   Section        0  stm32f1xx_systick.o(.data.tick_freq)
    .bss                                     0x20000008   Section       96  libspace.o(.bss)
    current_tick                             0x200000bc   Data           4  stm32f1xx_systick.o(.bss.current_tick)
    [Anonymous Symbol]                       0x200000bc   Section        0  stm32f1xx_systick.o(.bss.current_tick)
    g_current_tick                           0x200000c0   Data           4  stm32f1xx_systick.o(.bss.g_current_tick)
    [Anonymous Symbol]                       0x200000c0   Section        0  stm32f1xx_systick.o(.bss.g_current_tick)
    Heap_Mem                                 0x200000c8   Data         512  startup_stm32f10x_md.o(HEAP)
    HEAP                                     0x200000c8   Section      512  startup_stm32f10x_md.o(HEAP)
    Stack_Mem                                0x200002c8   Data        1024  startup_stm32f10x_md.o(STACK)
    STACK                                    0x200002c8   Section     1024  startup_stm32f10x_md.o(STACK)
    __initial_sp                             0x200006c8   Data           0  startup_stm32f10x_md.o(STACK)

    Global Symbols

    Symbol Name                              Value     Ov Type        Size  Object(Section)

    BuildAttributes$$THM_ISAv4$P$D$K$B$S$PE$A:L22UL41UL21$X:L11$S22US41US21$IEEE1$IW$~IW$USESV6$~STKCKD$USESV7$~SHL$OTIME$ROPI$EBA8$UX$STANDARDLIB$REQ8$PRES8$EABIv2 0x00000000   Number         0  anon$$obj.o ABSOLUTE
    __fp_init_empty                          0x00000000   Number         0  fpinit_empty.o ABSOLUTE
    __ARM_exceptions_init                     - Undefined Weak Reference
    __alloca_initialize                       - Undefined Weak Reference
    __arm_preinit_                            - Undefined Weak Reference
    __cxa_finalize                            - Undefined Weak Reference
    __rt_locale                               - Undefined Weak Reference
    __sigvec_lookup                           - Undefined Weak Reference
    _atexit_init                              - Undefined Weak Reference
    _call_atexit_fns                          - Undefined Weak Reference
    _clock_init                               - Undefined Weak Reference
    _fp_trap_init                             - Undefined Weak Reference
    _fp_trap_shutdown                         - Undefined Weak Reference
    _get_lc_collate                           - Undefined Weak Reference
    _get_lc_ctype                             - Undefined Weak Reference
    _get_lc_monetary                          - Undefined Weak Reference
    _get_lc_numeric                           - Undefined Weak Reference
    _get_lc_time                              - Undefined Weak Reference
    _getenv_init                              - Undefined Weak Reference
    _handle_redirection                       - Undefined Weak Reference
    _init_alloc                               - Undefined Weak Reference
    _init_user_alloc                          - Undefined Weak Reference
    _initio                                   - Undefined Weak Reference
    _rand_init                                - Undefined Weak Reference
    _signal_finish                            - Undefined Weak Reference
    _signal_init                              - Undefined Weak Reference
    _terminate_alloc                          - Undefined Weak Reference
    _terminate_user_alloc                     - Undefined Weak Reference
    _terminateio                              - Undefined Weak Reference
    __Vectors_Size                           0x000000ec   Number         0  startup_stm32f10x_md.o ABSOLUTE
    __Vectors                                0x08000000   Data           4  startup_stm32f10x_md.o(RESET)
    __Vectors_End                            0x080000ec   Data           0  startup_stm32f10x_md.o(RESET)
    __main                                   0x080000ed   Thumb Code     8  __main.o(!!!main)
    __scatterload                            0x080000f5   Thumb Code     0  __scatter.o(!!!scatter)
    __scatterload_rt2                        0x080000f5   Thumb Code    44  __scatter.o(!!!scatter)
    __scatterload_rt2_thumb_only             0x080000f5   Thumb Code     0  __scatter.o(!!!scatter)
    __scatterload_null                       0x08000103   Thumb Code     0  __scatter.o(!!!scatter)
    __scatterload_copy                       0x08000129   Thumb Code    26  __scatter_copy.o(!!handler_copy)
    __scatterload_zeroinit                   0x08000145   Thumb Code    28  __scatter_zi.o(!!handler_zi)
    __rt_lib_init                            0x08000161   Thumb Code     0  libinit.o(.ARM.Collect$$libinit$$00000000)
    __rt_lib_init_alloca_1                   0x08000163   Thumb Code     0  libinit2.o(.ARM.Collect$$libinit$$0000002E)
    __rt_lib_init_argv_1                     0x08000163   Thumb Code     0  libinit2.o(.ARM.Collect$$libinit$$0000002C)
    __rt_lib_init_atexit_1                   0x08000163   Thumb Code     0  libinit2.o(.ARM.Collect$$libinit$$0000001B)
    __rt_lib_init_clock_1                    0x08000163   Thumb Code     0  libinit2.o(.ARM.Collect$$libinit$$00000021)
    __rt_lib_init_cpp_2                      0x08000163   Thumb Code     0  libinit2.o(.ARM.Collect$$libinit$$00000031)
    __rt_lib_init_exceptions_1               0x08000163   Thumb Code     0  libinit2.o(.ARM.Collect$$libinit$$00000030)
    __rt_lib_init_fp_1                       0x08000163   Thumb Code     0  libinit2.o(.ARM.Collect$$libinit$$00000002)
    __rt_lib_init_fp_trap_1                  0x08000163   Thumb Code     0  libinit2.o(.ARM.Collect$$libinit$$0000001F)
    __rt_lib_init_getenv_1                   0x08000163   Thumb Code     0  libinit2.o(.ARM.Collect$$libinit$$00000023)
    __rt_lib_init_heap_1                     0x08000163   Thumb Code     0  libinit2.o(.ARM.Collect$$libinit$$0000000A)
    __rt_lib_init_lc_collate_1               0x08000163   Thumb Code     0  libinit2.o(.ARM.Collect$$libinit$$00000011)
    __rt_lib_init_lc_ctype_1                 0x08000163   Thumb Code     0  libinit2.o(.ARM.Collect$$libinit$$00000013)
    __rt_lib_init_lc_monetary_1              0x08000163   Thumb Code     0  libinit2.o(.ARM.Collect$$libinit$$00000015)
    __rt_lib_init_lc_numeric_1               0x08000163   Thumb Code     0  libinit2.o(.ARM.Collect$$libinit$$00000017)
    __rt_lib_init_lc_time_1                  0x08000163   Thumb Code     0  libinit2.o(.ARM.Collect$$libinit$$00000019)
    __rt_lib_init_preinit_1                  0x08000163   Thumb Code     0  libinit2.o(.ARM.Collect$$libinit$$00000004)
    __rt_lib_init_rand_1                     0x08000163   Thumb Code     0  libinit2.o(.ARM.Collect$$libinit$$0000000E)
    __rt_lib_init_signal_1                   0x08000163   Thumb Code     0  libinit2.o(.ARM.Collect$$libinit$$0000001D)
    __rt_lib_init_stdio_1                    0x08000163   Thumb Code     0  libinit2.o(.ARM.Collect$$libinit$$00000025)
    __rt_lib_init_user_alloc_1               0x08000163   Thumb Code     0  libinit2.o(.ARM.Collect$$libinit$$0000000C)
    __rt_lib_init_cpp_1                      0x08000167   Thumb Code     0  libinit2.o(.ARM.Collect$$libinit$$00000032)
    __rt_lib_init_return                     0x08000167   Thumb Code     0  libinit2.o(.ARM.Collect$$libinit$$00000033)
    __rt_lib_shutdown                        0x08000169   Thumb Code     0  libshutdown.o(.ARM.Collect$$libshutdown$$00000000)
    __rt_lib_shutdown_cpp_1                  0x0800016b   Thumb Code     0  libshutdown2.o(.ARM.Collect$$libshutdown$$00000002)
    __rt_lib_shutdown_fp_trap_1              0x0800016b   Thumb Code     0  libshutdown2.o(.ARM.Collect$$libshutdown$$00000007)
    __rt_lib_shutdown_heap_1                 0x0800016b   Thumb Code     0  libshutdown2.o(.ARM.Collect$$libshutdown$$0000000F)
    __rt_lib_shutdown_return                 0x0800016b   Thumb Code     0  libshutdown2.o(.ARM.Collect$$libshutdown$$00000010)
    __rt_lib_shutdown_signal_1               0x0800016b   Thumb Code     0  libshutdown2.o(.ARM.Collect$$libshutdown$$0000000A)
    __rt_lib_shutdown_stdio_1                0x0800016b   Thumb Code     0  libshutdown2.o(.ARM.Collect$$libshutdown$$00000004)
    __rt_lib_shutdown_user_alloc_1           0x0800016b   Thumb Code     0  libshutdown2.o(.ARM.Collect$$libshutdown$$0000000C)
    __rt_entry                               0x0800016d   Thumb Code     0  __rtentry.o(.ARM.Collect$$rtentry$$00000000)
    __rt_entry_presh_1                       0x0800016d   Thumb Code     0  __rtentry2.o(.ARM.Collect$$rtentry$$00000002)
    __rt_entry_sh                            0x0800016d   Thumb Code     0  __rtentry4.o(.ARM.Collect$$rtentry$$00000004)
    __rt_entry_li                            0x08000173   Thumb Code     0  __rtentry2.o(.ARM.Collect$$rtentry$$0000000A)
    __rt_entry_postsh_1                      0x08000173   Thumb Code     0  __rtentry2.o(.ARM.Collect$$rtentry$$00000009)
    __rt_entry_main                          0x08000177   Thumb Code     0  __rtentry2.o(.ARM.Collect$$rtentry$$0000000D)
    __rt_entry_postli_1                      0x08000177   Thumb Code     0  __rtentry2.o(.ARM.Collect$$rtentry$$0000000C)
    __rt_exit                                0x0800017f   Thumb Code     0  rtexit.o(.ARM.Collect$$rtexit$$00000000)
    __rt_exit_ls                             0x08000181   Thumb Code     0  rtexit2.o(.ARM.Collect$$rtexit$$00000003)
    __rt_exit_prels_1                        0x08000181   Thumb Code     0  rtexit2.o(.ARM.Collect$$rtexit$$00000002)
    __rt_exit_exit                           0x08000185   Thumb Code     0  rtexit2.o(.ARM.Collect$$rtexit$$00000004)
    Reset_Handler                            0x0800018d   Thumb Code     4  startup_stm32f10x_md.o(.text)
    NMI_Handler                              0x08000191   Thumb Code     2  startup_stm32f10x_md.o(.text)
    HardFault_Handler                        0x08000193   Thumb Code     2  startup_stm32f10x_md.o(.text)
    MemManage_Handler                        0x08000195   Thumb Code     2  startup_stm32f10x_md.o(.text)
    BusFault_Handler                         0x08000197   Thumb Code     2  startup_stm32f10x_md.o(.text)
    UsageFault_Handler                       0x08000199   Thumb Code     2  startup_stm32f10x_md.o(.text)
    SVC_Handler                              0x0800019b   Thumb Code     2  startup_stm32f10x_md.o(.text)
    DebugMon_Handler                         0x0800019d   Thumb Code     2  startup_stm32f10x_md.o(.text)
    PendSV_Handler                           0x0800019f   Thumb Code     2  startup_stm32f10x_md.o(.text)
    ADC1_2_IRQHandler                        0x080001a3   Thumb Code     0  startup_stm32f10x_md.o(.text)
    CAN1_RX1_IRQHandler                      0x080001a3   Thumb Code     0  startup_stm32f10x_md.o(.text)
    CAN1_SCE_IRQHandler                      0x080001a3   Thumb Code     0  startup_stm32f10x_md.o(.text)
    DMA1_Channel1_IRQHandler                 0x080001a3   Thumb Code     0  startup_stm32f10x_md.o(.text)
    DMA1_Channel2_IRQHandler                 0x080001a3   Thumb Code     0  startup_stm32f10x_md.o(.text)
    DMA1_Channel3_IRQHandler                 0x080001a3   Thumb Code     0  startup_stm32f10x_md.o(.text)
    DMA1_Channel4_IRQHandler                 0x080001a3   Thumb Code     0  startup_stm32f10x_md.o(.text)
    DMA1_Channel5_IRQHandler                 0x080001a3   Thumb Code     0  startup_stm32f10x_md.o(.text)
    DMA1_Channel6_IRQHandler                 0x080001a3   Thumb Code     0  startup_stm32f10x_md.o(.text)
    DMA1_Channel7_IRQHandler                 0x080001a3   Thumb Code     0  startup_stm32f10x_md.o(.text)
    EXTI0_IRQHandler                         0x080001a3   Thumb Code     0  startup_stm32f10x_md.o(.text)
    EXTI15_10_IRQHandler                     0x080001a3   Thumb Code     0  startup_stm32f10x_md.o(.text)
    EXTI1_IRQHandler                         0x080001a3   Thumb Code     0  startup_stm32f10x_md.o(.text)
    EXTI2_IRQHandler                         0x080001a3   Thumb Code     0  startup_stm32f10x_md.o(.text)
    EXTI3_IRQHandler                         0x080001a3   Thumb Code     0  startup_stm32f10x_md.o(.text)
    EXTI4_IRQHandler                         0x080001a3   Thumb Code     0  startup_stm32f10x_md.o(.text)
    EXTI9_5_IRQHandler                       0x080001a3   Thumb Code     0  startup_stm32f10x_md.o(.text)
    FLASH_IRQHandler                         0x080001a3   Thumb Code     0  startup_stm32f10x_md.o(.text)
    I2C1_ER_IRQHandler                       0x080001a3   Thumb Code     0  startup_stm32f10x_md.o(.text)
    I2C1_EV_IRQHandler                       0x080001a3   Thumb Code     0  startup_stm32f10x_md.o(.text)
    I2C2_ER_IRQHandler                       0x080001a3   Thumb Code     0  startup_stm32f10x_md.o(.text)
    I2C2_EV_IRQHandler                       0x080001a3   Thumb Code     0  startup_stm32f10x_md.o(.text)
    PVD_IRQHandler                           0x080001a3   Thumb Code     0  startup_stm32f10x_md.o(.text)
    RCC_IRQHandler                           0x080001a3   Thumb Code     0  startup_stm32f10x_md.o(.text)
    RTCAlarm_IRQHandler                      0x080001a3   Thumb Code     0  startup_stm32f10x_md.o(.text)
    RTC_IRQHandler                           0x080001a3   Thumb Code     0  startup_stm32f10x_md.o(.text)
    SPI1_IRQHandler                          0x080001a3   Thumb Code     0  startup_stm32f10x_md.o(.text)
    SPI2_IRQHandler                          0x080001a3   Thumb Code     0  startup_stm32f10x_md.o(.text)
    TAMPER_IRQHandler                        0x080001a3   Thumb Code     0  startup_stm32f10x_md.o(.text)
    TIM1_BRK_IRQHandler                      0x080001a3   Thumb Code     0  startup_stm32f10x_md.o(.text)
    TIM1_CC_IRQHandler                       0x080001a3   Thumb Code     0  startup_stm32f10x_md.o(.text)
    TIM1_TRG_COM_IRQHandler                  0x080001a3   Thumb Code     0  startup_stm32f10x_md.o(.text)
    TIM1_UP_IRQHandler                       0x080001a3   Thumb Code     0  startup_stm32f10x_md.o(.text)
    TIM2_IRQHandler                          0x080001a3   Thumb Code     0  startup_stm32f10x_md.o(.text)
    TIM3_IRQHandler                          0x080001a3   Thumb Code     0  startup_stm32f10x_md.o(.text)
    TIM4_IRQHandler                          0x080001a3   Thumb Code     0  startup_stm32f10x_md.o(.text)
    USART1_IRQHandler                        0x080001a3   Thumb Code     0  startup_stm32f10x_md.o(.text)
    USART2_IRQHandler                        0x080001a3   Thumb Code     0  startup_stm32f10x_md.o(.text)
    USART3_IRQHandler                        0x080001a3   Thumb Code     0  startup_stm32f10x_md.o(.text)
    USBWakeUp_IRQHandler                     0x080001a3   Thumb Code     0  startup_stm32f10x_md.o(.text)
    USB_HP_CAN1_TX_IRQHandler                0x080001a3   Thumb Code     0  startup_stm32f10x_md.o(.text)
    USB_LP_CAN1_RX0_IRQHandler               0x080001a3   Thumb Code     0  startup_stm32f10x_md.o(.text)
    WWDG_IRQHandler                          0x080001a3   Thumb Code     0  startup_stm32f10x_md.o(.text)
    __user_initial_stackheap                 0x080001a5   Thumb Code     0  startup_stm32f10x_md.o(.text)
    puts                                     0x080001c5   Thumb Code    40  puts.o(.text)
    __use_two_region_memory                  0x080001f1   Thumb Code     2  heapauxi.o(.text)
    __rt_heap_escrow$2region                 0x080001f3   Thumb Code     2  heapauxi.o(.text)
    __rt_heap_expand$2region                 0x080001f5   Thumb Code     2  heapauxi.o(.text)
    __cpp_initialize__aeabi_                 0x080001f9   Thumb Code    28  init_aeabi.o(.text)
    __user_setup_stackheap                   0x0800021d   Thumb Code    74  sys_stackheap_outer.o(.text)
    exit                                     0x08000267   Thumb Code    18  exit.o(.text)
    __user_libspace                          0x08000279   Thumb Code     8  libspace.o(.text)
    __user_perproc_libspace                  0x08000279   Thumb Code     0  libspace.o(.text)
    __user_perthread_libspace                0x08000279   Thumb Code     0  libspace.o(.text)
    __I$use$semihosting                      0x08000281   Thumb Code     0  use_no_semi.o(.text)
    __use_no_semihosting_swi                 0x08000281   Thumb Code     2  use_no_semi.o(.text)
    __semihosting_library_function           0x08000283   Thumb Code     0  indicate_semi.o(.text)
    _sys_exit                                0x08000285   Thumb Code     8  sys_exit.o(.text)
    SysTick_Handler                          0x08000291   Thumb Code    26  stm32f1xx_systick.o(.text.SysTick_Handler)
    clock_enable_APB2                        0x080002ad   Thumb Code    24  stm32f1xx_rcc.o(.text.clock_enable_APB2)
    delay_ms                                 0x080002c5   Thumb Code    40  stm32f1xx_systick.o(.text.delay_ms)
    fputc                                    0x080002ed   Thumb Code    24  stm32f1xx_usart.o(.text.fputc)
    get_tick                                 0x08000305   Thumb Code    36  stm32f1xx_systick.o(.text.get_tick)
    gpio_init                                0x08000329   Thumb Code   192  stm32f1xx_gpio.o(.text.gpio_init)
    gpio_write_pin                           0x080003e9   Thumb Code    12  stm32f1xx_gpio.o(.text.gpio_write_pin)
    led_init                                 0x080003f5   Thumb Code    30  led.o(.text.led_init)
    led_off                                  0x08000415   Thumb Code    20  led.o(.text.led_off)
    light_off                                0x08000429   Thumb Code    36  main.o(.text.light_off)
    main                                     0x0800044d   Thumb Code    20  main.o(.text.main)
    system_init_clock                        0x08000461   Thumb Code   180  stm32f1xx_rcc.o(.text.system_init_clock)
    systick_init                             0x08000515   Thumb Code    52  stm32f1xx_systick.o(.text.systick_init)
    usart1_init                              0x08000549   Thumb Code   112  stm32f1xx_usart.o(.text.usart1_init)
    usart1_send_char                         0x080005b9   Thumb Code    18  stm32f1xx_usart.o(.text.usart1_send_char)
    Region$$Table$$Base                      0x080005cc   Number         0  anon$$obj.o(Region$$Table)
    Region$$Table$$Limit                     0x080005ec   Number         0  anon$$obj.o(Region$$Table)
    SHT$$INIT_ARRAY$$Base                    0x080005ec   Number         0  stm32f1xx_rcc.o(.init_array)
    SHT$$INIT_ARRAY$$Limit                   0x080005f0   Number         0  init_aeabi.o(.init_array)
    __libspace_start                         0x20000008   Data          96  libspace.o(.bss)
    __stdout                                 0x20000068   Data          84  stm32f1xx_usart.o(.bss.__stdout)
    __temporary_stack_top$libspace           0x20000068   Data           0  libspace.o(.bss)



==============================================================================

Memory Map of the image

  Image Entry point : 0x080000ed

  Load Region LR_IROM1 (Base: 0x08000000, Size: 0x000005f8, Max: 0x00010000, ABSOLUTE)

    Execution Region ER_IROM1 (Exec base: 0x08000000, Load base: 0x08000000, Size: 0x000005f0, Max: 0x00010000, ABSOLUTE)

    Exec Addr    Load Addr    Size         Type   Attr      Idx    E Section Name        Object

    0x08000000   0x08000000   0x000000ec   Data   RO          124    RESET               startup_stm32f10x_md.o
    0x080000ec   0x080000ec   0x00000008   Code   RO          155  * !!!main             c_w.l(__main.o)
    0x080000f4   0x080000f4   0x00000034   Code   RO          328    !!!scatter          c_w.l(__scatter.o)
    0x08000128   0x08000128   0x0000001a   Code   RO          330    !!handler_copy      c_w.l(__scatter_copy.o)
    0x08000142   0x08000142   0x00000002   PAD
    0x08000144   0x08000144   0x0000001c   Code   RO          332    !!handler_zi        c_w.l(__scatter_zi.o)
    0x08000160   0x08000160   0x00000002   Code   RO          245    .ARM.Collect$$libinit$$00000000  c_w.l(libinit.o)
    0x08000162   0x08000162   0x00000000   Code   RO          165    .ARM.Collect$$libinit$$00000002  c_w.l(libinit2.o)
    0x08000162   0x08000162   0x00000000   Code   RO          167    .ARM.Collect$$libinit$$00000004  c_w.l(libinit2.o)
    0x08000162   0x08000162   0x00000000   Code   RO          170    .ARM.Collect$$libinit$$0000000A  c_w.l(libinit2.o)
    0x08000162   0x08000162   0x00000000   Code   RO          172    .ARM.Collect$$libinit$$0000000C  c_w.l(libinit2.o)
    0x08000162   0x08000162   0x00000000   Code   RO          174    .ARM.Collect$$libinit$$0000000E  c_w.l(libinit2.o)
    0x08000162   0x08000162   0x00000000   Code   RO          177    .ARM.Collect$$libinit$$00000011  c_w.l(libinit2.o)
    0x08000162   0x08000162   0x00000000   Code   RO          179    .ARM.Collect$$libinit$$00000013  c_w.l(libinit2.o)
    0x08000162   0x08000162   0x00000000   Code   RO          181    .ARM.Collect$$libinit$$00000015  c_w.l(libinit2.o)
    0x08000162   0x08000162   0x00000000   Code   RO          183    .ARM.Collect$$libinit$$00000017  c_w.l(libinit2.o)
    0x08000162   0x08000162   0x00000000   Code   RO          185    .ARM.Collect$$libinit$$00000019  c_w.l(libinit2.o)
    0x08000162   0x08000162   0x00000000   Code   RO          187    .ARM.Collect$$libinit$$0000001B  c_w.l(libinit2.o)
    0x08000162   0x08000162   0x00000000   Code   RO          189    .ARM.Collect$$libinit$$0000001D  c_w.l(libinit2.o)
    0x08000162   0x08000162   0x00000000   Code   RO          191    .ARM.Collect$$libinit$$0000001F  c_w.l(libinit2.o)
    0x08000162   0x08000162   0x00000000   Code   RO          193    .ARM.Collect$$libinit$$00000021  c_w.l(libinit2.o)
    0x08000162   0x08000162   0x00000000   Code   RO          195    .ARM.Collect$$libinit$$00000023  c_w.l(libinit2.o)
    0x08000162   0x08000162   0x00000000   Code   RO          197    .ARM.Collect$$libinit$$00000025  c_w.l(libinit2.o)
    0x08000162   0x08000162   0x00000000   Code   RO          201    .ARM.Collect$$libinit$$0000002C  c_w.l(libinit2.o)
    0x08000162   0x08000162   0x00000000   Code   RO          203    .ARM.Collect$$libinit$$0000002E  c_w.l(libinit2.o)
    0x08000162   0x08000162   0x00000000   Code   RO          205    .ARM.Collect$$libinit$$00000030  c_w.l(libinit2.o)
    0x08000162   0x08000162   0x00000004   Code   RO          206    .ARM.Collect$$libinit$$00000031  c_w.l(libinit2.o)
    0x08000166   0x08000166   0x00000000   Code   RO          207    .ARM.Collect$$libinit$$00000032  c_w.l(libinit2.o)
    0x08000166   0x08000166   0x00000002   Code   RO          208    .ARM.Collect$$libinit$$00000033  c_w.l(libinit2.o)
    0x08000168   0x08000168   0x00000002   Code   RO          287    .ARM.Collect$$libshutdown$$00000000  c_w.l(libshutdown.o)
    0x0800016a   0x0800016a   0x00000000   Code   RO          295    .ARM.Collect$$libshutdown$$00000002  c_w.l(libshutdown2.o)
    0x0800016a   0x0800016a   0x00000000   Code   RO          297    .ARM.Collect$$libshutdown$$00000004  c_w.l(libshutdown2.o)
    0x0800016a   0x0800016a   0x00000000   Code   RO          300    .ARM.Collect$$libshutdown$$00000007  c_w.l(libshutdown2.o)
    0x0800016a   0x0800016a   0x00000000   Code   RO          303    .ARM.Collect$$libshutdown$$0000000A  c_w.l(libshutdown2.o)
    0x0800016a   0x0800016a   0x00000000   Code   RO          305    .ARM.Collect$$libshutdown$$0000000C  c_w.l(libshutdown2.o)
    0x0800016a   0x0800016a   0x00000000   Code   RO          308    .ARM.Collect$$libshutdown$$0000000F  c_w.l(libshutdown2.o)
    0x0800016a   0x0800016a   0x00000002   Code   RO          309    .ARM.Collect$$libshutdown$$00000010  c_w.l(libshutdown2.o)
    0x0800016c   0x0800016c   0x00000000   Code   RO          163    .ARM.Collect$$rtentry$$00000000  c_w.l(__rtentry.o)
    0x0800016c   0x0800016c   0x00000000   Code   RO          214    .ARM.Collect$$rtentry$$00000002  c_w.l(__rtentry2.o)
    0x0800016c   0x0800016c   0x00000006   Code   RO          226    .ARM.Collect$$rtentry$$00000004  c_w.l(__rtentry4.o)
    0x08000172   0x08000172   0x00000000   Code   RO          216    .ARM.Collect$$rtentry$$00000009  c_w.l(__rtentry2.o)
    0x08000172   0x08000172   0x00000004   Code   RO          217    .ARM.Collect$$rtentry$$0000000A  c_w.l(__rtentry2.o)
    0x08000176   0x08000176   0x00000000   Code   RO          219    .ARM.Collect$$rtentry$$0000000C  c_w.l(__rtentry2.o)
    0x08000176   0x08000176   0x00000008   Code   RO          220    .ARM.Collect$$rtentry$$0000000D  c_w.l(__rtentry2.o)
    0x0800017e   0x0800017e   0x00000002   Code   RO          253    .ARM.Collect$$rtexit$$00000000  c_w.l(rtexit.o)
    0x08000180   0x08000180   0x00000000   Code   RO          265    .ARM.Collect$$rtexit$$00000002  c_w.l(rtexit2.o)
    0x08000180   0x08000180   0x00000004   Code   RO          266    .ARM.Collect$$rtexit$$00000003  c_w.l(rtexit2.o)
    0x08000184   0x08000184   0x00000006   Code   RO          267    .ARM.Collect$$rtexit$$00000004  c_w.l(rtexit2.o)
    0x0800018a   0x0800018a   0x00000002   PAD
    0x0800018c   0x0800018c   0x00000038   Code   RO          125    .text               startup_stm32f10x_md.o
    0x080001c4   0x080001c4   0x0000002c   Code   RO          151    .text               c_w.l(puts.o)
    0x080001f0   0x080001f0   0x00000006   Code   RO          153    .text               c_w.l(heapauxi.o)
    0x080001f6   0x080001f6   0x00000002   PAD
    0x080001f8   0x080001f8   0x00000024   Code   RO          160    .text               c_w.l(init_aeabi.o)
    0x0800021c   0x0800021c   0x0000004a   Code   RO          232    .text               c_w.l(sys_stackheap_outer.o)
    0x08000266   0x08000266   0x00000012   Code   RO          234    .text               c_w.l(exit.o)
    0x08000278   0x08000278   0x00000008   Code   RO          250    .text               c_w.l(libspace.o)
    0x08000280   0x08000280   0x00000002   Code   RO          261    .text               c_w.l(use_no_semi.o)
    0x08000282   0x08000282   0x00000000   Code   RO          263    .text               c_w.l(indicate_semi.o)
    0x08000282   0x08000282   0x00000002   PAD
    0x08000284   0x08000284   0x0000000c   Code   RO          277    .text               c_w.l(sys_exit.o)
    0x08000290   0x08000290   0x0000001a   Code   RO           85    .text.SysTick_Handler  stm32f1xx_systick.o
    0x080002aa   0x080002aa   0x00000002   PAD
    0x080002ac   0x080002ac   0x00000018   Code   RO           19    .text.clock_enable_APB2  stm32f1xx_rcc.o
    0x080002c4   0x080002c4   0x00000028   Code   RO           83    .text.delay_ms      stm32f1xx_systick.o
    0x080002ec   0x080002ec   0x00000018   Code   RO           54    .text.fputc         stm32f1xx_usart.o
    0x08000304   0x08000304   0x00000024   Code   RO           81    .text.get_tick      stm32f1xx_systick.o
    0x08000328   0x08000328   0x000000c0   Code   RO           32    .text.gpio_init     stm32f1xx_gpio.o
    0x080003e8   0x080003e8   0x0000000c   Code   RO           34    .text.gpio_write_pin  stm32f1xx_gpio.o
    0x080003f4   0x080003f4   0x0000001e   Code   RO          110    .text.led_init      led.o
    0x08000412   0x08000412   0x00000002   PAD
    0x08000414   0x08000414   0x00000014   Code   RO          114    .text.led_off       led.o
    0x08000428   0x08000428   0x00000024   Code   RO            6    .text.light_off     main.o
    0x0800044c   0x0800044c   0x00000014   Code   RO            2    .text.main          main.o
    0x08000460   0x08000460   0x000000b4   Code   RO           17    .text.system_init_clock  stm32f1xx_rcc.o
    0x08000514   0x08000514   0x00000034   Code   RO           79    .text.systick_init  stm32f1xx_systick.o
    0x08000548   0x08000548   0x00000070   Code   RO           46    .text.usart1_init   stm32f1xx_usart.o
    0x080005b8   0x080005b8   0x00000012   Code   RO           48    .text.usart1_send_char  stm32f1xx_usart.o
    0x080005ca   0x080005ca   0x00000002   PAD
    0x080005cc   0x080005cc   0x00000020   Data   RO          327    Region$$Table       anon$$obj.o
    0x080005ec   0x080005ec   0x00000004   Data   RO           23    .init_array         stm32f1xx_rcc.o
    0x080005f0   0x080005ec   0x00000000   Data   RO          158    .init_array         c_w.l(init_aeabi.o)


    Execution Region RW_IRAM1 (Exec base: 0x20000000, Load base: 0x080005f0, Size: 0x000006c8, Max: 0x00005000, ABSOLUTE)

    Exec Addr    Load Addr    Size         Type   Attr      Idx    E Section Name        Object

    0x20000000   0x080005f0   0x00000004   Data   RW           89    .data.tick_freq     stm32f1xx_systick.o
    0x20000004   0x080005f4   0x00000004   PAD
    0x20000008        -       0x00000060   Zero   RW          251    .bss                c_w.l(libspace.o)
    0x20000068        -       0x00000054   Zero   RW           56    .bss.__stdout       stm32f1xx_usart.o
    0x200000bc        -       0x00000004   Zero   RW           88    .bss.current_tick   stm32f1xx_systick.o
    0x200000c0        -       0x00000004   Zero   RW           87    .bss.g_current_tick  stm32f1xx_systick.o
    0x200000c4   0x080005f4   0x00000004   PAD
    0x200000c8        -       0x00000200   Zero   RW          123    HEAP                startup_stm32f10x_md.o
    0x200002c8        -       0x00000400   Zero   RW          122    STACK               startup_stm32f10x_md.o


==============================================================================

Image component sizes


      Code (inc. data)   RO Data    RW Data    ZI Data      Debug   Object Name

        50          0          0          0          0       1349   led.o
        56         12          0          0          0        658   main.o
        56         22        236          0       1536        840   startup_stm32f10x_md.o
       204          8          0          0          0       2242   stm32f1xx_gpio.o
       204          0          4          0          0       1207   stm32f1xx_rcc.o
       154          0          0          4          8       1358   stm32f1xx_systick.o
       154          0          0          0         84       2471   stm32f1xx_usart.o

    ----------------------------------------------------------------------
       884         42        272          4       1636      10125   Object Totals
         0          0         32          0          0          0   (incl. Generated)
         6          0          0          0          8          0   (incl. Padding)

    ----------------------------------------------------------------------

      Code (inc. data)   RO Data    RW Data    ZI Data      Debug   Library Member Name

         8          0          0          0          0         68   __main.o
         0          0          0          0          0          0   __rtentry.o
        12          0          0          0          0          0   __rtentry2.o
         6          0          0          0          0          0   __rtentry4.o
        52          8          0          0          0          0   __scatter.o
        26          0          0          0          0          0   __scatter_copy.o
        28          0          0          0          0          0   __scatter_zi.o
        18          0          0          0          0         80   exit.o
         6          0          0          0          0        152   heapauxi.o
         0          0          0          0          0          0   indicate_semi.o
        36          8          0          0          0         80   init_aeabi.o
         2          0          0          0          0          0   libinit.o
         6          0          0          0          0          0   libinit2.o
         2          0          0          0          0          0   libshutdown.o
         2          0          0          0          0          0   libshutdown2.o
         8          4          0          0         96         68   libspace.o
        44          4          0          0          0         84   puts.o
         2          0          0          0          0          0   rtexit.o
        10          0          0          0          0          0   rtexit2.o
        12          4          0          0          0         68   sys_exit.o
        74          0          0          0          0         80   sys_stackheap_outer.o
         2          0          0          0          0         68   use_no_semi.o

    ----------------------------------------------------------------------
       364         28          0          0         96        748   Library Totals
         8          0          0          0          0          0   (incl. Padding)

    ----------------------------------------------------------------------

      Code (inc. data)   RO Data    RW Data    ZI Data      Debug   Library Name

       356         28          0          0         96        748   c_w.l

    ----------------------------------------------------------------------
       364         28          0          0         96        748   Library Totals

    ----------------------------------------------------------------------

==============================================================================


      Code (inc. data)   RO Data    RW Data    ZI Data      Debug   

      1248         70        272          4       1732      10581   Grand Totals
      1248         70        272          4       1732      10581   ELF Image Totals
      1248         70        272          4          0          0   ROM Totals

==============================================================================

    Total RO  Size (Code + RO Data)                 1520 (   1.48kB)
    Total RW  Size (RW Data + ZI Data)              1736 (   1.70kB)
    Total ROM Size (Code + RO Data + RW Data)       1524 (   1.49kB)

==============================================================================

