<html>
<body>
<pre>
<h1>µVision Build Log</h1>
<h2>Tool Versions:</h2>
IDE-Version: µVision V5.31.0.0
Copyright (C) 2020 ARM Ltd and ARM Germany GmbH. All rights reserved.
License Information: Lo Thuong, Mot, LIC=03C6R-KYPM6-BSCYX-H5MW8-3RT7N-KDXAE
 
Tool Versions:
Toolchain:       MDK-ARM Plus  Version: 5.31.0.0
Toolchain Path:  C:\Keil\Core\ARM\ARMCLANG\Bin
C Compiler:      ArmClang.exe V6.14
Assembler:       Armasm.exe V6.14
Linker/Locator:  ArmLink.exe V6.14
Library Manager: ArmAr.exe V6.14
Hex Converter:   FromElf.exe V6.14
CPU DLL:         SARMCM3.DLL V5.31.0.0
Dialog DLL:      DCM.DLL V1.17.3.0
Target DLL:      STLink\ST-LINKIII-KEIL_SWO.dll V3.0.7.0
Dialog DLL:      TCM.DLL V1.46.0.0
 
<h2>Project:</h2>
C:\Users\Adminstrator\OneDrive\Desktop\build_RTOS\MDK-ARM\real_time_os.uvprojx
Project File Date:  02/17/2026

<h2>Output:</h2>
*** Using Compiler 'V6.14', folder: 'C:\Keil\Core\ARM\ARMCLANG\Bin'
Rebuild target 'stm32f1xx'
Note: source file '..\kernel\os_kernel.s' - object file renamed from '.\Objects\os_kernel.o' to '.\Objects\os_kernel_1.o'.
Note: source file '..\kernel\os_kernel.s' - object file renamed from '.\Objects\os_kernel.o' to '.\Objects\os_kernel_1.o'.
compiling stm32f1xx_gpio.c...
compiling main.c...
compiling stm32f1xx_usart.c...
compiling stm32f1xx_dwt.c...
compiling led.c...
compiling stm32f1xx_interrupt.c...
compiling stm32f1xx_exti.c...
compiling stm32f1xx_systick.c...
compiling stm32f1xx_rcc.c...
compiling stm32f1xx_tim.c...
compiling os_kernel.c...
"../kernel/os_kernel.s", line 38: Warning: A1581W: Added 2 bytes of padding at address 0x4a
   38 0000004c     END
0 Errors, 1 Warning
assembling os_kernel.s...
assembling startup_stm32f10x_md.s...
compiling system_stm32f10x.c...
linking...
Program Size: Code=2100 RO-data=252 RW-data=0 ZI-data=3072  
".\Objects\real_time_os.axf" - 0 Error(s), 0 Warning(s).

<h2>Software Packages used:</h2>

Package Vendor: ARM
                https://www.keil.com/pack/ARM.CMSIS.6.3.0.pack
                ARM.CMSIS.6.3.0
                CMSIS (Common Microcontroller Software Interface Standard)
   * Component: CORE Version: 6.2.0

Package Vendor: Keil
                https://www.keil.com/pack/Keil.STM32F1xx_DFP.2.4.1.pack
                Keil.STM32F1xx_DFP.2.4.1
                STMicroelectronics STM32F1 Series Device Support, Drivers and Examples
   * Component: Startup Version: 1.0.0

<h2>Collection of Component include folders:</h2>
  .\RTE\Device\STM32F103C8
  .\RTE\_stm32f1xx
  C:\Keil\Arm\Packs\ARM\CMSIS\6.3.0\CMSIS\Core\Include
  C:\Keil\Arm\Packs\Keil\STM32F1xx_DFP\2.4.1\Device\Include

<h2>Collection of Component Files used:</h2>

   * Component: ARM::CMSIS:CORE:6.2.0

   * Component: Keil::Device:Startup:1.0.0
      Source file:   Device\Source\ARM\startup_stm32f10x_md.s
      Source file:   Device\Source\ARM\STM32F1xx_OPT.s
      Source file:   Device\Source\system_stm32f10x.c
      Include file:  RTE_Driver\Config\RTE_Device.h
Build Time Elapsed:  00:00:01
</pre>
</body>
</html>
